This is pdfTeX, Version 3.141592653-2.6-1.40.29 (TeX Live 2026/Arch Linux) (preloaded format=pdflatex)
 restricted \write18 enabled.
entering extended mode
(./report_dm2.tex
LaTeX2e <2025-11-01>
L3 programming layer <2026-01-19>

LaTeX Info: Writing file `./references.bib'.


(/usr/share/texmf-dist/tex/latex/revtex4-1/revtex4-1.cls
Document Class: revtex4-1 2020/09/30 4.1s (http://publish.aps.org/revtex4/ for 
documentation)
ltxutil[2020/09/30 4.1s utilities package (portions licensed from W. E. Baxter 
web at superscript.com)]
ltxfront[2020/09/30 4.1s frontmatter package (AO,DPC)]
ltxgrid[2020/09/30 4.1s page grid package (portions licensed from W. E. Baxter 
web at superscript.com)]

Class revtex4-1 Warning: No Society specified, using default society aps.

(/usr/share/texmf-dist/tex/latex/revtex4-1/aps4-1.rtx)

Class revtex4-1 Warning: No journal specified, using default pra.


Class revtex4-1 Warning: No type size specified, using default 10.

(/usr/share/texmf-dist/tex/latex/revtex4-1/aps10pt4-1.rtx)
(/usr/share/texmf-dist/tex/latex/textcase/textcase.sty)
(/usr/share/texmf-dist/tex/latex/url/url.sty)
(/usr/share/texmf-dist/tex/latex/natbib/natbib.sty)
(/usr/share/texmf-dist/tex/latex/revtex4-1/revsymb4-1.sty))
(/usr/share/texmf-dist/tex/latex/titlesec/titletoc.sty)
(/usr/share/texmf-dist/tex/latex/amsmath/amsmath.sty
For additional information on amsmath, use the `?' option.
(/usr/share/texmf-dist/tex/latex/amsmath/amstext.sty
(/usr/share/texmf-dist/tex/latex/amsmath/amsgen.sty))
(/usr/share/texmf-dist/tex/latex/amsmath/amsbsy.sty)
(/usr/share/texmf-dist/tex/latex/amsmath/amsopn.sty))
(/usr/share/texmf-dist/tex/latex/amsfonts/amsfonts.sty)
(/usr/share/texmf-dist/tex/latex/amsfonts/amssymb.sty)
(/usr/share/texmf-dist/tex/latex/mathtools/mathtools.sty
(/usr/share/texmf-dist/tex/latex/graphics/keyval.sty)
(/usr/share/texmf-dist/tex/latex/tools/calc.sty)
(/usr/share/texmf-dist/tex/latex/mathtools/mhsetup.sty))
(/usr/share/texmf-dist/tex/latex/graphics/graphicx.sty
(/usr/share/texmf-dist/tex/latex/graphics/graphics.sty
(/usr/share/texmf-dist/tex/latex/graphics/trig.sty)
(/usr/share/texmf-dist/tex/latex/graphics-cfg/graphics.cfg)
(/usr/share/texmf-dist/tex/latex/graphics-def/pdftex.def)))
(/usr/share/texmf-dist/tex/latex/xcolor/xcolor.sty
(/usr/share/texmf-dist/tex/latex/graphics-cfg/color.cfg)
(/usr/share/texmf-dist/tex/latex/graphics/mathcolor.ltx))
(/usr/share/texmf-dist/tex/latex/graphics/dvipsnam.def)
(/usr/share/texmf-dist/tex/latex/listings/listings.sty
(/usr/share/texmf-dist/tex/latex/listings/lstpatch.sty)
(/usr/share/texmf-dist/tex/latex/listings/lstmisc.sty)
(/usr/share/texmf-dist/tex/latex/listings/listings.cfg))
==> First Aid for listings.sty no longer applied!
    Expected:
        2024/09/23 1.10c (Carsten Heinz)
    but found:
        2025/11/14 1.11b (Carsten Heinz)
    so I'm assuming it got fixed.
(/usr/share/texmf-dist/tex/latex/caption/caption.sty
(/usr/share/texmf-dist/tex/latex/caption/caption3.sty)

Package caption Warning: Unknown document class (or package),
(caption)                standard defaults will be used.
See the caption package documentation for explanation.

) (/usr/share/texmf-dist/tex/latex/caption/subcaption.sty)
(/usr/share/texmf-dist/tex/latex/pgfgantt/pgfgantt.sty
(/usr/share/texmf-dist/tex/latex/pgf/frontendlayer/tikz.sty
(/usr/share/texmf-dist/tex/latex/pgf/basiclayer/pgf.sty
(/usr/share/texmf-dist/tex/latex/pgf/utilities/pgfrcs.sty
(/usr/share/texmf-dist/tex/generic/pgf/utilities/pgfutil-common.tex)
(/usr/share/texmf-dist/tex/generic/pgf/utilities/pgfutil-latex.def)
(/usr/share/texmf-dist/tex/generic/pgf/utilities/pgfrcs.code.tex
(/usr/share/texmf-dist/tex/generic/pgf/pgf.revision.tex)))
(/usr/share/texmf-dist/tex/latex/pgf/basiclayer/pgfcore.sty
(/usr/share/texmf-dist/tex/latex/pgf/systemlayer/pgfsys.sty
(/usr/share/texmf-dist/tex/generic/pgf/systemlayer/pgfsys.code.tex
(/usr/share/texmf-dist/tex/generic/pgf/utilities/pgfkeys.code.tex
(/usr/share/texmf-dist/tex/generic/pgf/utilities/pgfkeyslibraryfiltered.code.te
x)) (/usr/share/texmf-dist/tex/generic/pgf/systemlayer/pgf.cfg)
(/usr/share/texmf-dist/tex/generic/pgf/systemlayer/pgfsys-pdftex.def
(/usr/share/texmf-dist/tex/generic/pgf/systemlayer/pgfsys-common-pdf.def)))
(/usr/share/texmf-dist/tex/generic/pgf/systemlayer/pgfsyssoftpath.code.tex)
(/usr/share/texmf-dist/tex/generic/pgf/systemlayer/pgfsysprotocol.code.tex))
(/usr/share/texmf-dist/tex/generic/pgf/basiclayer/pgfcore.code.tex
(/usr/share/texmf-dist/tex/generic/pgf/math/pgfmath.code.tex
(/usr/share/texmf-dist/tex/generic/pgf/math/pgfmathutil.code.tex)
(/usr/share/texmf-dist/tex/generic/pgf/math/pgfmathparser.code.tex)
(/usr/share/texmf-dist/tex/generic/pgf/math/pgfmathfunctions.code.tex)
(/usr/share/texmf-dist/tex/generic/pgf/math/pgfmathfunctions.basic.code.tex)
(/usr/share/texmf-dist/tex/generic/pgf/math/pgfmathfunctions.trigonometric.code
.tex)
(/usr/share/texmf-dist/tex/generic/pgf/math/pgfmathfunctions.random.code.tex)
(/usr/share/texmf-dist/tex/generic/pgf/math/pgfmathfunctions.comparison.code.te
x) (/usr/share/texmf-dist/tex/generic/pgf/math/pgfmathfunctions.base.code.tex)
(/usr/share/texmf-dist/tex/generic/pgf/math/pgfmathfunctions.round.code.tex)
(/usr/share/texmf-dist/tex/generic/pgf/math/pgfmathfunctions.misc.code.tex)
(/usr/share/texmf-dist/tex/generic/pgf/math/pgfmathfunctions.integerarithmetics
.code.tex) (/usr/share/texmf-dist/tex/generic/pgf/math/pgfmathcalc.code.tex)
(/usr/share/texmf-dist/tex/generic/pgf/math/pgfmathfloat.code.tex))
(/usr/share/texmf-dist/tex/generic/pgf/math/pgfint.code.tex)
(/usr/share/texmf-dist/tex/generic/pgf/basiclayer/pgfcorepoints.code.tex)
(/usr/share/texmf-dist/tex/generic/pgf/basiclayer/pgfcorepathconstruct.code.tex
) (/usr/share/texmf-dist/tex/generic/pgf/basiclayer/pgfcorepathusage.code.tex)
(/usr/share/texmf-dist/tex/generic/pgf/basiclayer/pgfcorescopes.code.tex)
(/usr/share/texmf-dist/tex/generic/pgf/basiclayer/pgfcoregraphicstate.code.tex)

(/usr/share/texmf-dist/tex/generic/pgf/basiclayer/pgfcoretransformations.code.t
ex) (/usr/share/texmf-dist/tex/generic/pgf/basiclayer/pgfcorequick.code.tex)
(/usr/share/texmf-dist/tex/generic/pgf/basiclayer/pgfcoreobjects.code.tex)
(/usr/share/texmf-dist/tex/generic/pgf/basiclayer/pgfcorepathprocessing.code.te
x) (/usr/share/texmf-dist/tex/generic/pgf/basiclayer/pgfcorearrows.code.tex)
(/usr/share/texmf-dist/tex/generic/pgf/basiclayer/pgfcoreshade.code.tex)
(/usr/share/texmf-dist/tex/generic/pgf/basiclayer/pgfcoreimage.code.tex)
(/usr/share/texmf-dist/tex/generic/pgf/basiclayer/pgfcoreexternal.code.tex)
(/usr/share/texmf-dist/tex/generic/pgf/basiclayer/pgfcorelayers.code.tex)
(/usr/share/texmf-dist/tex/generic/pgf/basiclayer/pgfcoretransparency.code.tex)
 (/usr/share/texmf-dist/tex/generic/pgf/basiclayer/pgfcorepatterns.code.tex)
(/usr/share/texmf-dist/tex/generic/pgf/basiclayer/pgfcorerdf.code.tex)))
(/usr/share/texmf-dist/tex/generic/pgf/modules/pgfmoduleshapes.code.tex)
(/usr/share/texmf-dist/tex/generic/pgf/modules/pgfmoduleplot.code.tex)
(/usr/share/texmf-dist/tex/latex/pgf/compatibility/pgfcomp-version-0-65.sty)
(/usr/share/texmf-dist/tex/latex/pgf/compatibility/pgfcomp-version-1-18.sty))
(/usr/share/texmf-dist/tex/latex/pgf/utilities/pgffor.sty
(/usr/share/texmf-dist/tex/latex/pgf/utilities/pgfkeys.sty
(/usr/share/texmf-dist/tex/generic/pgf/utilities/pgfkeys.code.tex))
(/usr/share/texmf-dist/tex/latex/pgf/math/pgfmath.sty
(/usr/share/texmf-dist/tex/generic/pgf/math/pgfmath.code.tex))
(/usr/share/texmf-dist/tex/generic/pgf/utilities/pgffor.code.tex))
(/usr/share/texmf-dist/tex/generic/pgf/frontendlayer/tikz/tikz.code.tex
(/usr/share/texmf-dist/tex/generic/pgf/libraries/pgflibraryplothandlers.code.te
x) (/usr/share/texmf-dist/tex/generic/pgf/modules/pgfmodulematrix.code.tex)
(/usr/share/texmf-dist/tex/generic/pgf/frontendlayer/tikz/libraries/tikzlibrary
topaths.code.tex)))
(/usr/share/texmf-dist/tex/generic/pgf/frontendlayer/tikz/libraries/tikzlibrary
arrows.code.tex
(/usr/share/texmf-dist/tex/generic/pgf/libraries/pgflibraryarrows.code.tex))
(/usr/share/texmf-dist/tex/generic/pgf/frontendlayer/tikz/libraries/tikzlibrary
backgrounds.code.tex)
(/usr/share/texmf-dist/tex/generic/pgf/frontendlayer/tikz/libraries/tikzlibrary
calc.code.tex)
(/usr/share/texmf-dist/tex/generic/pgf/frontendlayer/tikz/libraries/tikzlibrary
patterns.code.tex
(/usr/share/texmf-dist/tex/generic/pgf/libraries/pgflibrarypatterns.code.tex))
(/usr/share/texmf-dist/tex/generic/pgf/frontendlayer/tikz/libraries/tikzlibrary
positioning.code.tex)
(/usr/share/texmf-dist/tex/generic/pgf/frontendlayer/tikz/libraries/tikzlibrary
shapes.geometric.code.tex
(/usr/share/texmf-dist/tex/generic/pgf/libraries/shapes/pgflibraryshapes.geomet
ric.code.tex)) (/usr/share/texmf-dist/tex/latex/pgf/utilities/pgfcalendar.sty
(/usr/share/texmf-dist/tex/generic/pgf/utilities/pgfcalendar.code.tex)))
(/usr/share/texmf-dist/tex/latex/hyperref/hyperref.sty
(/usr/share/texmf-dist/tex/generic/iftex/iftex.sty)
(/usr/share/texmf-dist/tex/latex/kvsetkeys/kvsetkeys.sty)
(/usr/share/texmf-dist/tex/generic/kvdefinekeys/kvdefinekeys.sty)
(/usr/share/texmf-dist/tex/generic/pdfescape/pdfescape.sty
(/usr/share/texmf-dist/tex/generic/ltxcmds/ltxcmds.sty)
(/usr/share/texmf-dist/tex/generic/pdftexcmds/pdftexcmds.sty
(/usr/share/texmf-dist/tex/generic/infwarerr/infwarerr.sty)))
(/usr/share/texmf-dist/tex/latex/hycolor/hycolor.sty)
(/usr/share/texmf-dist/tex/latex/hyperref/nameref.sty
(/usr/share/texmf-dist/tex/latex/refcount/refcount.sty)
(/usr/share/texmf-dist/tex/generic/gettitlestring/gettitlestring.sty
(/usr/share/texmf-dist/tex/latex/kvoptions/kvoptions.sty))

Package nameref Warning: The definition of \label has changed! 
(nameref)                Check your packages! 
(nameref)                Replacing it with the kernel definition on input line 
161.

) (/usr/share/texmf-dist/tex/latex/etoolbox/etoolbox.sty)
(/usr/share/texmf-dist/tex/generic/stringenc/stringenc.sty)
(/usr/share/texmf-dist/tex/latex/hyperref/pd1enc.def)
(/usr/share/texmf-dist/tex/generic/intcalc/intcalc.sty)
(/usr/share/texmf-dist/tex/latex/hyperref/puenc.def)
(/usr/share/texmf-dist/tex/generic/bitset/bitset.sty
(/usr/share/texmf-dist/tex/generic/bigintcalc/bigintcalc.sty)))
(/usr/share/texmf-dist/tex/latex/hyperref/hpdftex.def
(/usr/share/texmf-dist/tex/latex/rerunfilecheck/rerunfilecheck.sty
(/usr/share/texmf-dist/tex/generic/uniquecounter/uniquecounter.sty)))
(/usr/share/texmf-dist/tex/latex/float/float.sty)
(/usr/share/texmf-dist/tex/latex/listings/lstlang1.sty)

Class revtex4-1 Warning: Repair the float package.

(/usr/share/texmf-dist/tex/latex/l3backend/l3backend-pdftex.def)
No file report_dm2.aux.
(/usr/share/texmf-dist/tex/context/base/mkii/supp-pdf.mkii
[Loading MPS to PDF converter (version 2006.09.02).]
) (/usr/share/texmf-dist/tex/latex/epstopdf-pkg/epstopdf-base.sty
(/usr/share/texmf-dist/tex/latex/latexconfig/epstopdf-sys.cfg))

Package hyperref Warning: Token not allowed in a PDF string (Unicode):
(hyperref)                removing `\\' on input line 207.

(/usr/share/texmf-dist/tex/latex/amsfonts/umsa.fd)
(/usr/share/texmf-dist/tex/latex/amsfonts/umsb.fd)
No file report_dm2.toc.
[1{/var/lib/texmf/fonts/map/pdftex/updmap/pdftex.map}]

Package natbib Warning: Citation `cmi' on page 2 undefined on input line 217.


Underfull \hbox (badness 1642) in paragraph at lines 217--218
\OT1/cmr/m/n/10 is whether the level of prob-lem-atic in-ter-net us-age

Underfull \hbox (badness 10000) in paragraph at lines 217--218


Underfull \hbox (badness 2088) in paragraph at lines 219--220
\OT1/cmr/m/n/10 Pre-pro-cess-ing --- anomaly de-tec-tion, di-men-sion-al-ity

Underfull \hbox (badness 10000) in paragraph at lines 219--220


Underfull \hbox (badness 1122) in paragraph at lines 221--222
\OT1/cmr/m/n/10 ver-sion of the orig-i-nal CMI re-lease: some orig-i-nal

Underfull \hbox (badness 10000) in paragraph at lines 221--222


Underfull \hbox (badness 10000) in paragraph at lines 223--224


Underfull \hbox (badness 3407) in paragraph at lines 225--226
 []\OT1/cmr/m/it/10 c. Project Ob-jec-tives.[] \OT1/cmr/m/n/10 The main ob-jec-
tives ad-

Underfull \hbox (badness 1383) in paragraph at lines 236--237
[]\OT1/cmr/m/n/10 Together these tasks move from de-scrip-tive data

Underfull \hbox (badness 1048) in paragraph at lines 236--237
\OT1/cmr/m/n/10 in-ter-pre-ta-tion, giv-ing a com-pre-hen-sive view of how

Underfull \hbox (badness 10000) in paragraph at lines 236--237


Underfull \hbox (badness 10000) in paragraph at lines 238--239
 []\OT1/cmr/m/it/10 d. An-a-lyt-i-cal phi-los-o-phy.[] \OT1/cmr/m/n/10 A re-cur
-ring theme

Underfull \hbox (badness 1377) in paragraph at lines 238--239
\OT1/cmr/m/n/10 through-out this re-port is the ten-sion be-tween two

Underfull \hbox (badness 3449) in paragraph at lines 238--239
\OT1/cmr/m/n/10 macro-averaged met-rics as the pri-mary eval-u-a-tion

Underfull \hbox (badness 1708) in paragraph at lines 238--239
\OT1/cmr/m/n/10 to pre-vent that in-for-ma-tion from leak-ing into the

Underfull \hbox (badness 2486) in paragraph at lines 238--239
\OT1/cmr/m/n/10 pre-dic-tors, even in-di-rectly through the im-pu-ta-tion

Package natbib Warning: Citation `cmi' on page 2 undefined on input line 242.


Underfull \hbox (badness 10000) in paragraph at lines 242--243


Underfull \hbox (badness 10000) in paragraph at lines 244--245

[2{/usr/share/texmf-dist/fonts/enc/dvips/cm-super/cm-super-ts1.enc}]
Underfull \hbox (badness 10000) in paragraph at lines 250--251
 []\OT1/cmr/bx/n/10 Demographics: \OT1/cmtt/m/n/10 Basic[]Demos-Age \OT1/cmr/m/
n/10 and

Underfull \hbox (badness 1881) in paragraph at lines 254--255
 \OT1/cmr/m/n/10 mass in-dices, daily en-ergy ex-pen-di-ture, body

Underfull \hbox (badness 10000) in paragraph at lines 255--256
 []\OT1/cmr/bx/n/10 Behavioral: \OT1/cmr/m/n/10 the Phys-i-cal Ac-tiv-ity Ques-


Underfull \hbox (badness 10000) in paragraph at lines 255--256
 \OT1/cmr/m/n/10 tion-naire scores (\OT1/cmtt/m/n/10 PAQ[]A\OT1/cmr/m/n/10 /\OT
1/cmtt/m/n/10 PAQ[]C\OT1/cmr/m/n/10 ) and self-

Underfull \hbox (badness 10000) in paragraph at lines 255--256
 \OT1/cmr/m/n/10 reported daily in-ter-net/computer hours

Underfull \hbox (badness 1708) in paragraph at lines 259--260
\OT1/cmr/m/n/10 min-is-tic thresh-old-ing of \OT1/cmtt/m/n/10 PCIAT-PCIAT[]Tota
l \OT1/cmr/m/n/10 at the

Underfull \hbox (badness 10000) in paragraph at lines 259--260


Underfull \hbox (badness 10000) in paragraph at lines 261--262
 []\OT1/cmr/m/it/10 d. Why phys-i-cal prox-ies?[] \OT1/cmr/m/n/10 The com-pe-ti
-tion's

Underfull \hbox (badness 10000) in paragraph at lines 261--262


Underfull \hbox (badness 2809) in paragraph at lines 263--264
[]\OT1/cmr/m/n/10 Overall, the dataset com-bines het-ero-ge-neous in-

Underfull \hbox (badness 3098) in paragraph at lines 263--264
\OT1/cmr/m/n/10 stru-ments, per-va-sive miss-ing-ness, re-dun-dant body-

Package natbib Warning: Citation `intro' on page 3 undefined on input line 266.



Underfull \hbox (badness 10000) in paragraph at lines 266--267


Underfull \hbox (badness 1852) in paragraph at lines 268--269
[]\OT1/cmr/m/n/10 We be-gin with de-scrip-tive statis-tics, dis-tri-bu-tion

Underfull \hbox (badness 1303) in paragraph at lines 268--269
\OT1/cmr/m/n/10 re-dun-dant vari-ables. The find-ings then guide the

Underfull \hbox (badness 10000) in paragraph at lines 268--269

[3]
Underfull \hbox (badness 10000) in paragraph at lines 278--279
 []\OT1/cmr/bx/n/10 Weight / blood pres-sure:

Underfull \hbox (badness 10000) in paragraph at lines 278--279
 \OT1/cmtt/m/n/10 Physical-Weight\OT1/cmr/m/n/10 , \OT1/cmtt/m/n/10 Physical-Sy
stolic[]BP\OT1/cmr/m/n/10 ,

Underfull \hbox (badness 2027) in paragraph at lines 278--279
 \OT1/cmr/m/n/10 and \OT1/cmtt/m/n/10 Physical-Diastolic[]BP \OT1/cmr/m/n/10 eq
ual to $0$ were

LaTeX Warning: Reference `fig:cmi_dists' on page 4 undefined on input line 281.



LaTeX Warning: Reference `fig:cmi_bia_box' on page 4 undefined on input line 28
1.


Underfull \hbox (badness 10000) in paragraph at lines 281--282


LaTeX Warning: `h' float specifier changed to `ht'.


LaTeX Warning: `h' float specifier changed to `ht'.


LaTeX Warning: Reference `sec:mice' on page 4 undefined on input line 304.


LaTeX Warning: Reference `tab:cmi_missing' on page 4 undefined on input line 30
4.


Underfull \hbox (badness 7081) in paragraph at lines 304--305
\OT1/cmr/m/n/10 among the re-tained pre-dic-tors, \OT1/cmtt/m/n/10 Physical-Wei
ght

Underfull \hbox (badness 10000) in paragraph at lines 304--305
\OT1/cmr/m/n/10 ($9\OML/cmm/m/it/10 :\OT1/cmr/m/n/10 7%$), \OT1/cmtt/m/n/10 Pre
Int[]EduHx-computerinternet[]hoursday

LaTeX Warning: Reference `sec:regression' on page 4 undefined on input line 325
.


Underfull \hbox (badness 1253) in paragraph at lines 325--326
\OT1/cmr/m/n/10 parent-child ques-tion-naire was ad-min-is-tered to only
[4]

Package natbib Warning: Citation `miceforest' on page 5 undefined on input line
 331.


Package natbib Warning: Citation `vanbuuren' on page 5 undefined on input line 
331.


Underfull \hbox (badness 10000) in paragraph at lines 331--332


Underfull \hbox (badness 7081) in paragraph at lines 333--334
[]\OT1/cmr/m/n/10 The con-fig-u-ra-tion gen-er-ated \OT1/cmtt/m/n/10 NUM[]DATAS
ETS$\OT1/cmr/m/n/10 = 3$

Underfull \hbox (badness 10000) in paragraph at lines 333--334
\OT1/cmr/m/n/10 im-puted copies with $5$ MICE it-er-a-tions each

Underfull \hbox (badness 3250) in paragraph at lines 333--334
\OT1/cmr/m/n/10 (\OT1/cmtt/m/n/10 random[]state$\OT1/cmr/m/n/10 = 42$, \OT1/cmt
t/m/n/10 mean[]match[]candidates$\OT1/cmr/m/n/10 = 5$).

Underfull \hbox (badness 1442) in paragraph at lines 333--334
\OT1/cmr/m/n/10 ac-tiv-ity level, internet-hours band) were cast to a

Underfull \hbox (badness 1168) in paragraph at lines 333--334
\OT1/cmr/m/n/10 cat-e-gor-i-cal dtype and im-puted with a SHAP-based

Underfull \hbox (badness 10000) in paragraph at lines 333--334


Underfull \hbox (badness 1521) in paragraph at lines 335--336
\OT1/cmr/m/n/10 This pre-vents PCIAT-derived in-for-ma-tion --- which

Underfull \hbox (badness 1509) in paragraph at lines 335--336
\OT1/cmr/m/n/10 the fea-tures later con-sumed by anomaly de-tec-tion,

Underfull \hbox (badness 10000) in paragraph at lines 335--336


Underfull \hbox (badness 3942) in paragraph at lines 337--338
 []\OT1/cmr/m/it/10 b. Why MICE rather than sim-pler im-pu-ta-tion.[]

Underfull \hbox (badness 3601) in paragraph at lines 337--338
\OT1/cmr/m/n/10 Single-value sub-sti-tu-tion (mean or me-dian) would

Underfull \hbox (badness 1168) in paragraph at lines 337--338
\OT1/cmr/m/n/10 dis-tri-bu-tion of a miss-ing field de-pends strongly on

Underfull \hbox (badness 1107) in paragraph at lines 337--338
\OT1/cmr/m/n/10 sub-sti-tu-tion. Sec-ond, mean sub-sti-tu-tion ar-ti-fi-cially

Underfull \hbox (badness 2735) in paragraph at lines 337--338
\OT1/cmr/m/n/10 anal-y-sis and the distance-based anomaly de-tec-tors

Underfull \hbox (badness 10000) in paragraph at lines 337--338


Underfull \hbox (badness 1412) in paragraph at lines 349--350
\OT1/cmr/m/n/10 composition mea-sure-ments and are there-fore highly

Underfull \hbox (badness 3108) in paragraph at lines 349--350
\OT1/cmr/m/n/10 collinear. We com-puted a Spear-man cor-re-la-tion

Underfull \hbox (badness 10000) in paragraph at lines 349--350


Underfull \hbox (badness 10000) in paragraph at lines 351--352
 []\OT1/cmr/m/it/10 a. Redundancy-driven re-moval.[] \OT1/cmtt/m/n/10 Physical-
BMI

Underfull \hbox (badness 10000) in paragraph at lines 351--352
\OT1/cmr/m/n/10 was re-moved as re-dun-dant with \OT1/cmtt/m/n/10 BIA-BIA[]BMI\
OT1/cmr/m/n/10 ,

Underfull \hbox (badness 1939) in paragraph at lines 351--352
\OT1/cmr/m/n/10 and the collinear extended-BIA panel listed above

Underfull \hbox (badness 2213) in paragraph at lines 351--352
\OT1/cmr/m/n/10 composition de-scrip-tors (\OT1/cmtt/m/n/10 BIA-BIA[]BMI\OT1/cm
r/m/n/10 , \OT1/cmtt/m/n/10 BIA-BIA[]FFM\OT1/cmr/m/n/10 ,

Underfull \hbox (badness 10000) in paragraph at lines 351--352
\OT1/cmtt/m/n/10 BIA-BIA[]FFMI\OT1/cmr/m/n/10 , \OT1/cmtt/m/n/10 BIA-BIA[]FMI\O
T1/cmr/m/n/10 , \OT1/cmtt/m/n/10 BIA-BIA[]DEE\OT1/cmr/m/n/10 ,

Underfull \hbox (badness 10000) in paragraph at lines 351--352
\OT1/cmtt/m/n/10 BIA-BIA[]Activity[]Level[]num\OT1/cmr/m/n/10 , \OT1/cmtt/m/n/1
0 BIA-BIA[]Frame[]num\OT1/cmr/m/n/10 )

Underfull \hbox (badness 10000) in paragraph at lines 351--352


LaTeX Warning: `h' float specifier changed to `ht'.


LaTeX Warning: Reference `tab:cmi_corr' on page 5 undefined on input line 360.


LaTeX Warning: Reference `fig:cmi_heatmap' on page 5 undefined on input line 36
0.


LaTeX Warning: `h' float specifier changed to `ht'.

[5]

LaTeX Warning: A float is stuck (cannot be placed); try class option [floatfix]
 on input line 387.


Underfull \hbox (badness 6094) in paragraph at lines 391--392
 \OT1/cmtt/m/n/10 Physical-Weight \OT1/cmr/m/n/10 from pounds to kilo-grams
(/usr/share/texmf-dist/tex/latex/base/omscmr.fd)
Underfull \hbox (badness 1635) in paragraph at lines 398--399
 \OT1/cmr/m/n/10 is the sum of the seven bi-nary Fit-ness-Gram

Underfull \hbox (badness 1178) in paragraph at lines 401--402
\OT1/cmr/m/n/10 fea-ture re-places a clus-ter of re-dun-dant or hard-to-

Underfull \hbox (badness 10000) in paragraph at lines 401--402


LaTeX Warning: Reference `fig:cmi_target' on page 6 undefined on input line 406
.


Underfull \hbox (badness 3189) in paragraph at lines 406--407
[]\OT1/cmr/m/n/10 The tar-get is strongly im-bal-anced (Fig-ure []):

Underfull \hbox (badness 10000) in paragraph at lines 406--407

[6]
Underfull \hbox (badness 1231) in paragraph at lines 415--416
[]\OT1/cmr/m/n/10 After clean-ing, im-pu-ta-tion, and fea-ture en-gi-neer-

Package natbib Warning: Citation `miceforest' on page 7 undefined on input line
 420.


Package natbib Warning: Citation `pyod' on page 7 undefined on input line 420.


Package natbib Warning: Citation `imblearn' on page 7 undefined on input line 4
20.


Package natbib Warning: Citation `sklearn' on page 7 undefined on input line 42
0.


Package natbib Warning: Citation `xgboost' on page 7 undefined on input line 42
0.


Package natbib Warning: Citation `shap' on page 7 undefined on input line 420.


Package natbib Warning: Citation `lime' on page 7 undefined on input line 420.


LaTeX Warning: Reference `tab:cmi_outliers' on page 7 undefined on input line 4
25.


Package natbib Warning: Citation `eif' on page 7 undefined on input line 428.


LaTeX Warning: Reference `tab:cmi_eif_profile' on page 7 undefined on input lin
e 428.

[7]

Package natbib Warning: Citation `lof' on page 8 undefined on input line 448.


Underfull \hbox (badness 1742) in paragraph at lines 448--449
\OT1/cmr/m/n/10 com-pares the lo-cal den-sity of a point to that of

Package natbib Warning: Citation `loda' on page 8 undefined on input line 450.


Underfull \hbox (badness 1748) in paragraph at lines 450--451
 []\OT1/cmr/m/it/10 c. LODA (ensemble-based).[] \OT1/cmr/m/n/10 LODA [\OT1/cmr/
bx/n/10 ? \OT1/cmr/m/n/10 ] ag-

Package natbib Warning: Citation `abod' on page 8 undefined on input line 452.


LaTeX Warning: Reference `fig:cmi_outlier_scores' on page 8 undefined on input 
line 473.


LaTeX Warning: Reference `fig:cmi_pca_outliers' on page 8 undefined on input li
ne 483.


Underfull \hbox (badness 1137) in paragraph at lines 483--484
\OT1/cmr/m/n/10 the de-tec-tors qual-i-ta-tively, the stan-dard-ized fea-ture

LaTeX Warning: `h' float specifier changed to `ht'.


LaTeX Warning: Reference `tab:cmi_overlap' on page 8 undefined on input line 49
3.


Underfull \hbox (badness 10000) in paragraph at lines 493--494

[8]

LaTeX Warning: A float is stuck (cannot be placed); try class option [floatfix]
 on input line 494.


LaTeX Warning: Reference `fig:cmi_removed_kept' on page 9 undefined on input li
ne 512.


Underfull \hbox (badness 10000) in paragraph at lines 512--513


LaTeX Warning: Reference `tab:cmi_eif_profile' on page 9 undefined on input lin
e 514.


Underfull \hbox (badness 1590) in paragraph at lines 533--534
\OT1/cmr/m/it/10 ing set only\OT1/cmr/m/n/10 , and for each re-sam-pled set a D
e-ci-
[9]

Package natbib Warning: Citation `imblearn' on page 10 undefined on input line 
535.


Package natbib Warning: Citation `adasyn' on page 10 undefined on input line 53
5.


Underfull \hbox (badness 1515) in paragraph at lines 538--539
 \OT1/cmr/m/n/10 re-moves ma-jor-ity points mis-clas-si-fied by their

Underfull \hbox (badness 1325) in paragraph at lines 538--539
 \OT1/cmr/m/n/10 neigh-bors, ag-gres-sively shrink-ing the minority-

Underfull \hbox (badness 8170) in paragraph at lines 540--541
 []\OT1/cmr/bx/n/10 ADASYN \OT1/cmr/m/n/10 (over-sam-pling): adap-tively syn-

Underfull \hbox (badness 10000) in paragraph at lines 540--541
 \OT1/cmr/m/n/10 the-sizes mi-nor-ity sam-ples to near-balance,

LaTeX Warning: Reference `tab:cmi_imbalance' on page 10 undefined on input line
 550.


LaTeX Warning: Reference `fig:cmi_imbalance_perf' on page 10 undefined on input
 line 550.


Underfull \hbox (badness 10000) in paragraph at lines 550--551


LaTeX Warning: Reference `tab:cmi_imbalance_params' on page 10 undefined on inp
ut line 572.


Underfull \hbox (badness 1275) in paragraph at lines 572--573
[]\OT1/cmr/m/n/10 The best Decision-Tree con-fig-u-ra-tion se-lected per
[10]
Underfull \hbox (badness 10000) in paragraph at lines 610--611
 []\OT1/cmr/m/it/10 a. Com-mon pro-to-col.[] \OT1/cmr/m/n/10 All clas-si-fiers 
use the

Underfull \hbox (badness 1852) in paragraph at lines 610--611
\OT1/cmr/m/n/10 consensus-clean dataset ($8[]193$ rows), the same $18$

Underfull \hbox (badness 1803) in paragraph at lines 610--611
\OT1/cmr/m/n/10 pre-dic-tors (ex-clud-ing \OT1/cmtt/m/n/10 sii \OT1/cmr/m/n/10 
and \OT1/cmtt/m/n/10 PCIAT-PCIAT[]Total\OT1/cmr/m/n/10 ),

Underfull \hbox (badness 4303) in paragraph at lines 610--611
\OT1/cmr/m/n/10 tuned with \OT1/cmtt/m/n/10 RandomizedSearchCV \OT1/cmr/m/n/10 
($5$-fold strat-i-fied,

Package natbib Warning: Citation `sklearn' on page 11 undefined on input line 6
13.


Package natbib Warning: Citation `sklearn' on page 11 undefined on input line 6
24.

[11]

Package natbib Warning: Citation `sklearn' on page 12 undefined on input line 6
35.

[12]

Package natbib Warning: Citation `xgboost' on page 13 undefined on input line 6
58.


Underfull \hbox (badness 10000) in paragraph at lines 658--659
 []\OT1/cmr/m/it/10 a. Model and tun-ing.[] \OT1/cmr/m/n/10 XG-Boost [\OT1/cmr/
bx/n/10 ? \OT1/cmr/m/n/10 ]

Underfull \hbox (badness 1430) in paragraph at lines 658--659
\OT1/cmr/m/n/10 (\OT1/cmtt/m/n/10 multi:softprob\OT1/cmr/m/n/10 , \OT1/cmtt/m/n
/10 hist\OT1/cmr/m/n/10 ) was tuned over $60$ can-di-

LaTeX Warning: `h' float specifier changed to `ht'.


LaTeX Warning: Reference `tab:cmi_clf' on page 13 undefined on input line 669.


LaTeX Warning: Reference `tab:cmi_perclass' on page 13 undefined on input line 
689.


LaTeX Warning: Reference `tab:cmi_clf_params' on page 13 undefined on input lin
e 689.

[13]
Underfull \hbox (badness 1776) in paragraph at lines 737--738
 []\OT1/cmr/m/it/10 c. Class-wise pat-tern.[] \OT1/cmr/m/n/10 Across all mod-el
s, er-rors

Underfull \hbox (badness 6691) in paragraph at lines 737--738
\OT1/cmr/m/n/10 con-cen-trate be-tween \OT1/cmr/m/it/10 ad-ja-cent \OT1/cmr/m/n
/10 sever-ity lev-els and

LaTeX Warning: Reference `tab:cmi_baseline' on page 14 undefined on input line 
739.


LaTeX Warning: Reference `fig:cmi_reg_target' on page 14 undefined on input lin
e 761.


Underfull \hbox (badness 1077) in paragraph at lines 761--762
\OT1/cmr/m/n/10 std $17\OML/cmm/m/it/10 :\OT1/cmr/m/n/10 0$; right-skewed). The
 label-defining \OT1/cmtt/m/n/10 sii \OT1/cmr/m/n/10 is
[14]

LaTeX Warning: Reference `tab:cmi_reg' on page 15 undefined on input line 770.


LaTeX Warning: Reference `fig:cmi_reg_diag' on page 15 undefined on input line 
770.


LaTeX Warning: Reference `fig:cmi_reg_importance' on page 15 undefined on input
 line 770.


Underfull \hbox (badness 10000) in paragraph at lines 782--782
[]\OT1/cmr/m/n/10 TABLE XII: |Non-linear re-gres-sors pre-dict-ing

LaTeX Warning: Reference `fig:cmi_abserr' on page 15 undefined on input line 81
3.


Package natbib Warning: Citation `shap' on page 15 undefined on input line 816.



Package natbib Warning: Citation `lime' on page 15 undefined on input line 816.



Underfull \hbox (badness 4846) in paragraph at lines 816--817
\OT1/cmr/m/n/10 global tree-based at-tri-bu-tion, model-agnostic lo-cal

Underfull \hbox (badness 10000) in paragraph at lines 816--817


LaTeX Warning: Reference `fig:cmi_shap' on page 15 undefined on input line 818.



Underfull \hbox (badness 10000) in paragraph at lines 818--819
 []\OT1/cmr/m/it/10 a. SHAP (XG-Boost).[] \OT1/cmr/m/n/10 A \OT1/cmtt/m/n/10 Tr
eeExplainer \OT1/cmr/m/n/10 pro-

Underfull \hbox (badness 5345) in paragraph at lines 818--819
\OT1/cmr/m/n/10 duces per-class Shap-ley val-ues for the XG-Boost

Underfull \hbox (badness 2065) in paragraph at lines 818--819
\OT1/cmr/m/n/10 mean-$\OMS/cmsy/m/n/10 j$\OT1/cmr/m/n/10 SHAP$\OMS/cmsy/m/n/10 
j$ \OT1/cmr/m/n/10 bar chart (Fig-ure []) con-firms that

Underfull \hbox (badness 10000) in paragraph at lines 818--819

[15]

LaTeX Warning: Reference `fig:cmi_lime' on page 16 undefined on input line 820.



Underfull \hbox (badness 10000) in paragraph at lines 820--821


Underfull \hbox (badness 7759) in paragraph at lines 822--823
 []\OT1/cmr/m/it/10 c. Per-mu-ta-tion im-por-tance.[] \OT1/cmr/m/n/10 Com-puted
 for the

Underfull \hbox (badness 1789) in paragraph at lines 822--823
\OT1/cmr/m/n/10 while the collinear BIA body-composition vari-ables

Underfull \hbox (badness 10000) in paragraph at lines 822--823


LaTeX Warning: `h' float specifier changed to `ht'.


Underfull \hbox (badness 1728) in paragraph at lines 838--839
\OT1/cmr/m/n/10 swer com-ple-men-tary ques-tions and their agree-ment

Underfull \hbox (badness 1092) in paragraph at lines 838--839
\OT1/cmr/m/n/10 i-cally grounded, glob-ally con-sis-tent at-tri-bu-tion that

Underfull \hbox (badness 10000) in paragraph at lines 838--839


Underfull \hbox (badness 10000) in paragraph at lines 844--845


Underfull \hbox (badness 1297) in paragraph at lines 846--847
[]\OT1/cmr/m/n/10 In prepa-ra-tion we cor-rected phys-i-cally im-pos-si-ble

Underfull \hbox (badness 1107) in paragraph at lines 846--847
\OT1/cmr/m/n/10 val-ues, im-puted per-va-sive miss-ing-ness with leakage-

Underfull \hbox (badness 1540) in paragraph at lines 846--847
\OT1/cmr/m/n/10 re-tain-ing $97\OML/cmm/m/it/10 :\OT1/cmr/m/n/10 6%$ of the rec
ords. In pre-pro-cess-ing,

Underfull \hbox (badness 1755) in paragraph at lines 846--847
\OT1/cmr/m/n/10 four anomaly de-tec-tors from dis-tinct fam-i-lies were

Underfull \hbox (badness 1297) in paragraph at lines 846--847
\OT1/cmr/m/n/10 study ex-posed the ac-cu-racy/recall trade-offs of un-

Underfull \hbox (badness 1990) in paragraph at lines 846--847
\OT1/cmr/m/n/10 der-sam-pling and over-sam-pling. In mod-el-ing, five

Underfull \hbox (badness 1127) in paragraph at lines 846--847
\OT1/cmr/m/n/10 tuned clas-si-fiers and two non-linear re-gres-sors were

Underfull \hbox (badness 1910) in paragraph at lines 846--847
\OT1/cmr/m/n/10 eval-u-ated un-der an iden-ti-cal, leakage-free pro-to-col,

Underfull \hbox (badness 10000) in paragraph at lines 846--847

[16]
Underfull \hbox (badness 10000) in paragraph at lines 848--849


Underfull \hbox (badness 2368) in paragraph at lines 850--851
 []\OT1/cmr/m/it/10 a. Lim-i-ta-tions and fu-ture work.[] \OT1/cmr/m/n/10 Sev-e
ral fac-tors
No file report_dm2.bbl.

Package natbib Warning: There were undefined citations.

[17] (./report_dm2.aux)

LaTeX Warning: There were undefined references.


LaTeX Warning: Label(s) may have changed. Rerun to get cross-references right.


Package rerunfilecheck Warning: File `report_dm2.out' has changed.
(rerunfilecheck)                Rerun to get outlines right
(rerunfilecheck)                or use package `bookmark'.

 )
(see the transcript file for additional information)</usr/share/texmf-dist/font
s/type1/public/amsfonts/cm/cmbx10.pfb></usr/share/texmf-dist/fonts/type1/public
/amsfonts/cm/cmbx12.pfb></usr/share/texmf-dist/fonts/type1/public/amsfonts/cm/c
mbx9.pfb></usr/share/texmf-dist/fonts/type1/public/amsfonts/cmextra/cmex9.pfb><
/usr/share/texmf-dist/fonts/type1/public/amsfonts/cm/cmmi10.pfb></usr/share/tex
mf-dist/fonts/type1/public/amsfonts/cm/cmmi8.pfb></usr/share/texmf-dist/fonts/t
ype1/public/amsfonts/cm/cmmi9.pfb></usr/share/texmf-dist/fonts/type1/public/ams
fonts/cm/cmr10.pfb></usr/share/texmf-dist/fonts/type1/public/amsfonts/cm/cmr6.p
fb></usr/share/texmf-dist/fonts/type1/public/amsfonts/cm/cmr7.pfb></usr/share/t
exmf-dist/fonts/type1/public/amsfonts/cm/cmr8.pfb></usr/share/texmf-dist/fonts/
type1/public/amsfonts/cm/cmr9.pfb></usr/share/texmf-dist/fonts/type1/public/ams
fonts/cm/cmsy10.pfb></usr/share/texmf-dist/fonts/type1/public/amsfonts/cm/cmsy6
.pfb></usr/share/texmf-dist/fonts/type1/public/amsfonts/cm/cmsy7.pfb></usr/shar
e/texmf-dist/fonts/type1/public/amsfonts/cm/cmsy8.pfb></usr/share/texmf-dist/fo
nts/type1/public/amsfonts/cm/cmsy9.pfb></usr/share/texmf-dist/fonts/type1/publi
c/amsfonts/cm/cmti10.pfb></usr/share/texmf-dist/fonts/type1/public/amsfonts/cm/
cmti9.pfb></usr/share/texmf-dist/fonts/type1/public/amsfonts/cm/cmtt10.pfb></us
r/share/texmf-dist/fonts/type1/public/amsfonts/cm/cmtt8.pfb></usr/share/texmf-d
ist/fonts/type1/public/amsfonts/cm/cmtt9.pfb></usr/share/texmf-dist/fonts/type1
/public/amsfonts/symbols/msam10.pfb></usr/share/texmf-dist/fonts/type1/public/c
m-super/sfrm1000.pfb>
Output written on report_dm2.pdf (17 pages, 384830 bytes).
Transcript written on report_dm2.log.
