This is pdfTeX, Version 3.141592653-2.6-1.40.29 (TeX Live 2026/Arch Linux) (preloaded format=pdflatex 2026.5.31)  10 JUN 2026 21:09
entering extended mode
 restricted \write18 enabled.
 %&-line parsing enabled.
**report_dm2.tex
(./report_dm2.tex
LaTeX2e <2025-11-01>
L3 programming layer <2026-01-19>

LaTeX Info: File `references.bib' already exists on the system.
            Not generating it from this source.

(/usr/share/texmf-dist/tex/latex/revtex4-1/revtex4-1.cls
Document Class: revtex4-1 2020/09/30 4.1s (http://publish.aps.org/revtex4/ for 
documentation)
 Copyright (c) 2009 The American Physical Society.
 mailto:revtex@aps.org
 Licensed under the LPPL:
http://www.ctan.org/tex-archive/macros/latex/base/lppl.txt
 Arthur Ogawa <arthur_ogawa at sbcglobal dot net>
 Based on work by David Carlisle <david at dcarlisle.demon.co.uk>.
ltxutil[2020/09/30 4.1s utilities package (portions licensed from W. E. Baxter 
web at superscript.com)]
LaTeX Info: Redefining \@centercr on input line 346.
Class revtex4-1 Info: Repairing hyperref-unfriendly LaTeX definition of \mpfoot
note on input line 471.
Class revtex4-1 Info: Repairing broken LateX \@sect on input line 793.
\intertabularlinepenalty=\count275
\@tbpen=\count276
\@arstrutbox@hline=\box53
Class revtex4-1 Info: Repairing broken LaTeX \@xbitor on input line 1824.
Class revtex4-1 Info: Making \typeout \long on input line 2089.
ltxfront[2020/09/30 4.1s frontmatter package (AO,DPC)]
\c@affil=\count277
\c@collab=\count278
\absbox=\box54
ltxgrid[2020/09/30 4.1s page grid package (portions licensed from W. E. Baxter 
web at superscript.com)]
\c@linecount=\count279
\output@latex=\toks17
\box@size@1=\box55
\box@size@2=\box56
\@protection@box=\box57
\@topmark@saved=\toks18
\footins@saved=\box58
\footins@recovered=\box59
\column@recovered=\box60
\pagesofar=\box61
\footsofar=\box62
\pagegrid@col=\count280
Class revtex4-1 Info: Overriding \@vspace, \@vspacer, \@no@pgbk, \@newline, and
 \\  on input line 5655.
\c@part=\count281
\c@section=\count282
\c@subsection=\count283
\c@subsubsection=\count284
\c@paragraph=\count285
\c@subparagraph=\count286
\abovecaptionskip=\skip49
\belowcaptionskip=\skip50
\c@figure=\count287
\fbox@1=\box63
\c@table=\count288
\fbox@2=\box64
\c@video=\count289
\fbox@4=\box65
\@bibdataout=\write3
\widetext@top=\box66
\widetext@bot=\box67

Class revtex4-1 Warning: No Society specified, using default society aps.

(/usr/share/texmf-dist/tex/latex/revtex4-1/aps4-1.rtx
File: aps4-1 2020/09/30 4.1s (http://publish.aps.org/revtex4/ for documentation
)
Class revtex4-1 Info: RevTeX society APS selected on input line 31.
)

Class revtex4-1 Warning: No journal specified, using default pra.

Class revtex4-1 Info: APS journal PRA selected on input line 7619.

Class revtex4-1 Warning: No type size specified, using default 10.

(/usr/share/texmf-dist/tex/latex/revtex4-1/aps10pt4-1.rtx
File: aps10pt4-1 2020/09/30 4.1s (http://publish.aps.org/revtex4/ for documenta
tion)
Class revtex4-1 Info: RevTeX pointsize 10pt selected on input line 30.
)
(/usr/share/texmf-dist/tex/latex/textcase/textcase.sty
Package: textcase 2025/02/16 v1.05 Text only upper/lower case changing (DPC)
Package textcase Info: Defining Legacy names on input line 20.
)
(/usr/share/texmf-dist/tex/latex/url/url.sty
\Urlmuskip=\muskip17
Package: url 2013/09/16  ver 3.4  Verb mode for urls, etc.
)
(/usr/share/texmf-dist/tex/latex/natbib/natbib.sty
Package: natbib 2010/09/13 8.31b (PWD, AO)
\bibhang=\skip51
\bibsep=\skip52
LaTeX Info: Redefining \cite on input line 694.
\c@NAT@ctr=\count290
)
Class revtex4-1 Info: Repairing natbib's \BibitemShut on input line 7623.

(/usr/share/texmf-dist/tex/latex/revtex4-1/revsymb4-1.sty
Package: revsymb4-1 2020/09/30 4.1s (http://publish.aps.org/revtex4/ for docume
ntation)
LaTeX Info: Redefining \REV@mathfrak on input line 119.
))
(/usr/share/texmf-dist/tex/latex/titlesec/titletoc.sty
Package: titletoc 2025/01/04 v2.17 TOC entries
\ttl@leftsep=\dimen148
)
(/usr/share/texmf-dist/tex/latex/amsmath/amsmath.sty
Package: amsmath 2025/07/09 v2.17z AMS math features
\@mathmargin=\skip53

For additional information on amsmath, use the `?' option.
(/usr/share/texmf-dist/tex/latex/amsmath/amstext.sty
Package: amstext 2024/11/17 v2.01 AMS text

(/usr/share/texmf-dist/tex/latex/amsmath/amsgen.sty
File: amsgen.sty 1999/11/30 v2.0 generic functions
\@emptytoks=\toks19
\ex@=\dimen149
)
LaTeX Info: Redefining \text on input line 28.
)
(/usr/share/texmf-dist/tex/latex/amsmath/amsbsy.sty
Package: amsbsy 1999/11/29 v1.2d Bold Symbols
\pmbraise@=\dimen150
)
(/usr/share/texmf-dist/tex/latex/amsmath/amsopn.sty
Package: amsopn 2022/04/08 v2.04 operator names
)
\inf@bad=\count291
LaTeX Info: Redefining \frac on input line 233.
\uproot@=\count292
\leftroot@=\count293
LaTeX Info: Redefining \overline on input line 398.
LaTeX Info: Redefining \colon on input line 409.
\classnum@=\count294
\DOTSCASE@=\count295
LaTeX Info: Redefining \ldots on input line 495.
LaTeX Info: Redefining \dots on input line 498.
LaTeX Info: Redefining \cdots on input line 619.
\Mathstrutbox@=\box68
\strutbox@=\box69
LaTeX Info: Redefining \big on input line 721.
LaTeX Info: Redefining \Big on input line 722.
LaTeX Info: Redefining \bigg on input line 723.
LaTeX Info: Redefining \Bigg on input line 724.
\big@size=\dimen151
LaTeX Font Info:    Redeclaring font encoding OML on input line 742.
LaTeX Font Info:    Redeclaring font encoding OMS on input line 743.
\macc@depth=\count296
LaTeX Info: Redefining \bmod on input line 904.
LaTeX Info: Redefining \pmod on input line 909.
LaTeX Info: Redefining \smash on input line 939.
LaTeX Info: Redefining \relbar on input line 969.
LaTeX Info: Redefining \Relbar on input line 970.
\c@MaxMatrixCols=\count297
\dotsspace@=\muskip18
\c@parentequation=\count298
\dspbrk@lvl=\count299
\tag@help=\toks20
\row@=\count300
\column@=\count301
\maxfields@=\count302
\andhelp@=\toks21
\eqnshift@=\dimen152
\alignsep@=\dimen153
\tagshift@=\dimen154
\tagwidth@=\dimen155
\totwidth@=\dimen156
\lineht@=\dimen157
\@envbody=\toks22
\multlinegap=\skip54
\multlinetaggap=\skip55
\mathdisplay@stack=\toks23
LaTeX Info: Redefining \[ on input line 2950.
LaTeX Info: Redefining \] on input line 2951.
)
(/usr/share/texmf-dist/tex/latex/amsfonts/amsfonts.sty
Package: amsfonts 2013/01/14 v3.01 Basic AMSFonts support
\symAMSa=\mathgroup4
\symAMSb=\mathgroup5
LaTeX Font Info:    Redeclaring math symbol \hbar on input line 98.
LaTeX Font Info:    Overwriting math alphabet `\mathfrak' in version `bold'
(Font)                  U/euf/m/n --> U/euf/b/n on input line 106.
LaTeX Info: Redefining \frak on input line 111.
LaTeX Info: Redefining \Bbb on input line 113.
)
(/usr/share/texmf-dist/tex/latex/amsfonts/amssymb.sty
Package: amssymb 2013/01/14 v3.01 AMS font symbols
)
(/usr/share/texmf-dist/tex/latex/mathtools/mathtools.sty
Package: mathtools 2024/10/04 v1.31 mathematical typesetting tools

(/usr/share/texmf-dist/tex/latex/graphics/keyval.sty
Package: keyval 2022/05/29 v1.15 key=value parser (DPC)
\KV@toks@=\toks24
)
(/usr/share/texmf-dist/tex/latex/tools/calc.sty
Package: calc 2025/03/01 v4.3b Infix arithmetic (KKT,FJ)
\calc@Acount=\count303
\calc@Bcount=\count304
\calc@Adimen=\dimen158
\calc@Bdimen=\dimen159
\calc@Askip=\skip56
\calc@Bskip=\skip57
LaTeX Info: Redefining \setlength on input line 86.
LaTeX Info: Redefining \addtolength on input line 87.
\calc@Ccount=\count305
\calc@Cskip=\skip58
)
(/usr/share/texmf-dist/tex/latex/mathtools/mhsetup.sty
Package: mhsetup 2021/03/18 v1.4 programming setup (MH)
)
\g_MT_multlinerow_int=\count306
\l_MT_multwidth_dim=\dimen160
\origjot=\skip59
\l_MT_shortvdotswithinadjustabove_dim=\dimen161
\l_MT_shortvdotswithinadjustbelow_dim=\dimen162
\l_MT_above_intertext_sep=\dimen163
\l_MT_below_intertext_sep=\dimen164
\l_MT_above_shortintertext_sep=\dimen165
\l_MT_below_shortintertext_sep=\dimen166
\xmathstrut@box=\box70
\xmathstrut@dim=\dimen167
)
(/usr/share/texmf-dist/tex/latex/graphics/graphicx.sty
Package: graphicx 2024/12/31 v1.2e Enhanced LaTeX Graphics (DPC,SPQR)

(/usr/share/texmf-dist/tex/latex/graphics/graphics.sty
Package: graphics 2024/08/06 v1.4g Standard LaTeX Graphics (DPC,SPQR)

(/usr/share/texmf-dist/tex/latex/graphics/trig.sty
Package: trig 2023/12/02 v1.11 sin cos tan (DPC)
)
(/usr/share/texmf-dist/tex/latex/graphics-cfg/graphics.cfg
File: graphics.cfg 2016/06/04 v1.11 sample graphics configuration
)
Package graphics Info: Driver file: pdftex.def on input line 106.

(/usr/share/texmf-dist/tex/latex/graphics-def/pdftex.def
File: pdftex.def 2025/09/29 v1.2d Graphics/color driver for pdftex
))
\Gin@req@height=\dimen168
\Gin@req@width=\dimen169
)
(/usr/share/texmf-dist/tex/latex/xcolor/xcolor.sty
Package: xcolor 2024/09/29 v3.02 LaTeX color extensions (UK)

(/usr/share/texmf-dist/tex/latex/graphics-cfg/color.cfg
File: color.cfg 2016/01/02 v1.6 sample color configuration
)
Package xcolor Info: Driver file: pdftex.def on input line 274.

(/usr/share/texmf-dist/tex/latex/graphics/mathcolor.ltx)
Package xcolor Info: Model `cmy' substituted by `cmy0' on input line 1349.
Package xcolor Info: Model `hsb' substituted by `rgb' on input line 1353.
Package xcolor Info: Model `RGB' extended on input line 1365.
Package xcolor Info: Model `HTML' substituted by `rgb' on input line 1367.
Package xcolor Info: Model `Hsb' substituted by `hsb' on input line 1368.
Package xcolor Info: Model `tHsb' substituted by `hsb' on input line 1369.
Package xcolor Info: Model `HSB' substituted by `hsb' on input line 1370.
Package xcolor Info: Model `Gray' substituted by `gray' on input line 1371.
Package xcolor Info: Model `wave' substituted by `hsb' on input line 1372.
)
(/usr/share/texmf-dist/tex/latex/graphics/dvipsnam.def
File: dvipsnam.def 2016/06/17 v3.0m Driver-dependent file (DPC,SPQR)
)
(/usr/share/texmf-dist/tex/latex/listings/listings.sty
\lst@mode=\count307
\lst@gtempboxa=\box71
\lst@token=\toks25
\lst@length=\count308
\lst@currlwidth=\dimen170
\lst@column=\count309
\lst@pos=\count310
\lst@lostspace=\dimen171
\lst@width=\dimen172
\lst@newlines=\count311
\lst@lineno=\count312
\lst@maxwidth=\dimen173

(/usr/share/texmf-dist/tex/latex/listings/lstpatch.sty
File: lstpatch.sty 2025/11/14 1.11b (Carsten Heinz)
)
(/usr/share/texmf-dist/tex/latex/listings/lstmisc.sty
File: lstmisc.sty 2025/11/14 1.11b (Carsten Heinz)
\c@lstnumber=\count313
\lst@skipnumbers=\count314
\lst@framebox=\box72
)
(/usr/share/texmf-dist/tex/latex/listings/listings.cfg
File: listings.cfg 2025/11/14 1.11b listings configuration
))
Package: listings 2025/11/14 1.11b (Carsten Heinz)

==> First Aid for listings.sty no longer applied!
    Expected:
        2024/09/23 1.10c (Carsten Heinz)
    but found:
        2025/11/14 1.11b (Carsten Heinz)
    so I'm assuming it got fixed.
(/usr/share/texmf-dist/tex/latex/caption/caption.sty
Package: caption 2023/08/05 v3.6o Customizing captions (AR)

(/usr/share/texmf-dist/tex/latex/caption/caption3.sty
Package: caption3 2023/07/31 v2.4d caption3 kernel (AR)
\caption@tempdima=\dimen174
\captionmargin=\dimen175
\caption@leftmargin=\dimen176
\caption@rightmargin=\dimen177
\caption@width=\dimen178
\caption@indent=\dimen179
\caption@parindent=\dimen180
\caption@hangindent=\dimen181
Package caption Info: Unknown document class (or package),
(caption)             standard defaults will be used.
Package caption Info: \@makecaption = \long macro:#1#2->\par \vskip \abovecapti
onskip \begingroup \small \rmfamily \sbox \@tempboxa {\let \\\heading@cr \@make
@capt@title {#1}{#2}}\@ifdim {\wd \@tempboxa >\hsize }{\begingroup \samepage \f
lushing \let \footnote \@footnotemark@gobble \@make@capt@title {#1}{#2}\par \en
dgroup }{\global \@minipagefalse \hb@xt@ \hsize {\hfil \unhbox \@tempboxa \hfil
 }}\endgroup \vskip \belowcaptionskip  on input line 1175.
)

Package caption Warning: Unknown document class (or package),
(caption)                standard defaults will be used.
See the caption package documentation for explanation.

\c@caption@flags=\count315
\c@continuedfloat=\count316
Package caption Info: listings package is loaded.
) (/usr/share/texmf-dist/tex/latex/caption/subcaption.sty
Package: subcaption 2023/07/28 v1.6b Sub-captions (AR)
Package caption Info: New subtype `subfigure' on input line 238.
\c@subfigure=\count317
Package caption Info: New subtype `subtable' on input line 238.
\c@subtable=\count318
)
(/usr/share/texmf-dist/tex/latex/pgfgantt/pgfgantt.sty
Package: pgfgantt 2024/06/19 v5.0a Draw Gantt diagrams with TikZ

(/usr/share/texmf-dist/tex/latex/pgf/frontendlayer/tikz.sty
(/usr/share/texmf-dist/tex/latex/pgf/basiclayer/pgf.sty
(/usr/share/texmf-dist/tex/latex/pgf/utilities/pgfrcs.sty
(/usr/share/texmf-dist/tex/generic/pgf/utilities/pgfutil-common.tex
\pgfutil@everybye=\toks26
\pgfutil@tempdima=\dimen182
\pgfutil@tempdimb=\dimen183
)
(/usr/share/texmf-dist/tex/generic/pgf/utilities/pgfutil-latex.def
\pgfutil@abb=\box73
)
(/usr/share/texmf-dist/tex/generic/pgf/utilities/pgfrcs.code.tex
(/usr/share/texmf-dist/tex/generic/pgf/pgf.revision.tex)
Package: pgfrcs 2025-08-29 v3.1.11a (3.1.11a)
))
Package: pgf 2025-08-29 v3.1.11a (3.1.11a)

(/usr/share/texmf-dist/tex/latex/pgf/basiclayer/pgfcore.sty
(/usr/share/texmf-dist/tex/latex/pgf/systemlayer/pgfsys.sty
(/usr/share/texmf-dist/tex/generic/pgf/systemlayer/pgfsys.code.tex
Package: pgfsys 2025-08-29 v3.1.11a (3.1.11a)

(/usr/share/texmf-dist/tex/generic/pgf/utilities/pgfkeys.code.tex
\pgfkeys@pathtoks=\toks27
\pgfkeys@temptoks=\toks28

(/usr/share/texmf-dist/tex/generic/pgf/utilities/pgfkeyslibraryfiltered.code.te
x
\pgfkeys@tmptoks=\toks29
))
\pgf@x=\dimen184
\pgf@y=\dimen185
\pgf@xa=\dimen186
\pgf@ya=\dimen187
\pgf@xb=\dimen188
\pgf@yb=\dimen189
\pgf@xc=\dimen190
\pgf@yc=\dimen191
\pgf@xd=\dimen192
\pgf@yd=\dimen193
\w@pgf@writea=\write4
\r@pgf@reada=\read2
\c@pgf@counta=\count319
\c@pgf@countb=\count320
\c@pgf@countc=\count321
\c@pgf@countd=\count322
\t@pgf@toka=\toks30
\t@pgf@tokb=\toks31
\t@pgf@tokc=\toks32
\pgf@sys@id@count=\count323
 (/usr/share/texmf-dist/tex/generic/pgf/systemlayer/pgf.cfg
File: pgf.cfg 2025-08-29 v3.1.11a (3.1.11a)
)
Driver file for pgf: pgfsys-pdftex.def

(/usr/share/texmf-dist/tex/generic/pgf/systemlayer/pgfsys-pdftex.def
File: pgfsys-pdftex.def 2025-08-29 v3.1.11a (3.1.11a)

(/usr/share/texmf-dist/tex/generic/pgf/systemlayer/pgfsys-common-pdf.def
File: pgfsys-common-pdf.def 2025-08-29 v3.1.11a (3.1.11a)
)))
(/usr/share/texmf-dist/tex/generic/pgf/systemlayer/pgfsyssoftpath.code.tex
File: pgfsyssoftpath.code.tex 2025-08-29 v3.1.11a (3.1.11a)
\pgfsyssoftpath@smallbuffer@items=\count324
\pgfsyssoftpath@bigbuffer@items=\count325
)
(/usr/share/texmf-dist/tex/generic/pgf/systemlayer/pgfsysprotocol.code.tex
File: pgfsysprotocol.code.tex 2025-08-29 v3.1.11a (3.1.11a)
))
(/usr/share/texmf-dist/tex/generic/pgf/basiclayer/pgfcore.code.tex
Package: pgfcore 2025-08-29 v3.1.11a (3.1.11a)

(/usr/share/texmf-dist/tex/generic/pgf/math/pgfmath.code.tex
(/usr/share/texmf-dist/tex/generic/pgf/math/pgfmathutil.code.tex)
(/usr/share/texmf-dist/tex/generic/pgf/math/pgfmathparser.code.tex
\pgfmath@dimen=\dimen194
\pgfmath@count=\count326
\pgfmath@box=\box74
\pgfmath@toks=\toks33
\pgfmath@stack@operand=\toks34
\pgfmath@stack@operation=\toks35
)
(/usr/share/texmf-dist/tex/generic/pgf/math/pgfmathfunctions.code.tex)
(/usr/share/texmf-dist/tex/generic/pgf/math/pgfmathfunctions.basic.code.tex)
(/usr/share/texmf-dist/tex/generic/pgf/math/pgfmathfunctions.trigonometric.code
.tex)
(/usr/share/texmf-dist/tex/generic/pgf/math/pgfmathfunctions.random.code.tex)
(/usr/share/texmf-dist/tex/generic/pgf/math/pgfmathfunctions.comparison.code.te
x) (/usr/share/texmf-dist/tex/generic/pgf/math/pgfmathfunctions.base.code.tex)
(/usr/share/texmf-dist/tex/generic/pgf/math/pgfmathfunctions.round.code.tex)
(/usr/share/texmf-dist/tex/generic/pgf/math/pgfmathfunctions.misc.code.tex)
(/usr/share/texmf-dist/tex/generic/pgf/math/pgfmathfunctions.integerarithmetics
.code.tex) (/usr/share/texmf-dist/tex/generic/pgf/math/pgfmathcalc.code.tex)
(/usr/share/texmf-dist/tex/generic/pgf/math/pgfmathfloat.code.tex
\c@pgfmathroundto@lastzeros=\count327
))
(/usr/share/texmf-dist/tex/generic/pgf/math/pgfint.code.tex)
(/usr/share/texmf-dist/tex/generic/pgf/basiclayer/pgfcorepoints.code.tex
File: pgfcorepoints.code.tex 2025-08-29 v3.1.11a (3.1.11a)
\pgf@picminx=\dimen195
\pgf@picmaxx=\dimen196
\pgf@picminy=\dimen197
\pgf@picmaxy=\dimen198
\pgf@pathminx=\dimen199
\pgf@pathmaxx=\dimen256
\pgf@pathminy=\dimen257
\pgf@pathmaxy=\dimen258
\pgf@xx=\dimen259
\pgf@xy=\dimen260
\pgf@yx=\dimen261
\pgf@yy=\dimen262
\pgf@zx=\dimen263
\pgf@zy=\dimen264
)
(/usr/share/texmf-dist/tex/generic/pgf/basiclayer/pgfcorepathconstruct.code.tex
File: pgfcorepathconstruct.code.tex 2025-08-29 v3.1.11a (3.1.11a)
\pgf@path@lastx=\dimen265
\pgf@path@lasty=\dimen266
) (/usr/share/texmf-dist/tex/generic/pgf/basiclayer/pgfcorepathusage.code.tex
File: pgfcorepathusage.code.tex 2025-08-29 v3.1.11a (3.1.11a)
\pgf@shorten@end@additional=\dimen267
\pgf@shorten@start@additional=\dimen268
)
(/usr/share/texmf-dist/tex/generic/pgf/basiclayer/pgfcorescopes.code.tex
File: pgfcorescopes.code.tex 2025-08-29 v3.1.11a (3.1.11a)
\pgfpic=\box75
\pgf@hbox=\box76
\pgf@layerbox@main=\box77
\pgf@picture@serial@count=\count328
)
(/usr/share/texmf-dist/tex/generic/pgf/basiclayer/pgfcoregraphicstate.code.tex
File: pgfcoregraphicstate.code.tex 2025-08-29 v3.1.11a (3.1.11a)
\pgflinewidth=\dimen269
)
(/usr/share/texmf-dist/tex/generic/pgf/basiclayer/pgfcoretransformations.code.t
ex
File: pgfcoretransformations.code.tex 2025-08-29 v3.1.11a (3.1.11a)
\pgf@pt@x=\dimen270
\pgf@pt@y=\dimen271
\pgf@pt@temp=\dimen272
) (/usr/share/texmf-dist/tex/generic/pgf/basiclayer/pgfcorequick.code.tex
File: pgfcorequick.code.tex 2025-08-29 v3.1.11a (3.1.11a)
)
(/usr/share/texmf-dist/tex/generic/pgf/basiclayer/pgfcoreobjects.code.tex
File: pgfcoreobjects.code.tex 2025-08-29 v3.1.11a (3.1.11a)
)
(/usr/share/texmf-dist/tex/generic/pgf/basiclayer/pgfcorepathprocessing.code.te
x
File: pgfcorepathprocessing.code.tex 2025-08-29 v3.1.11a (3.1.11a)
) (/usr/share/texmf-dist/tex/generic/pgf/basiclayer/pgfcorearrows.code.tex
File: pgfcorearrows.code.tex 2025-08-29 v3.1.11a (3.1.11a)
\pgfarrowsep=\dimen273
)
(/usr/share/texmf-dist/tex/generic/pgf/basiclayer/pgfcoreshade.code.tex
File: pgfcoreshade.code.tex 2025-08-29 v3.1.11a (3.1.11a)
\pgf@max=\dimen274
\pgf@sys@shading@range@num=\count329
\pgf@shadingcount=\count330
)
(/usr/share/texmf-dist/tex/generic/pgf/basiclayer/pgfcoreimage.code.tex
File: pgfcoreimage.code.tex 2025-08-29 v3.1.11a (3.1.11a)
)
(/usr/share/texmf-dist/tex/generic/pgf/basiclayer/pgfcoreexternal.code.tex
File: pgfcoreexternal.code.tex 2025-08-29 v3.1.11a (3.1.11a)
\pgfexternal@startupbox=\box78
)
(/usr/share/texmf-dist/tex/generic/pgf/basiclayer/pgfcorelayers.code.tex
File: pgfcorelayers.code.tex 2025-08-29 v3.1.11a (3.1.11a)
)
(/usr/share/texmf-dist/tex/generic/pgf/basiclayer/pgfcoretransparency.code.tex
File: pgfcoretransparency.code.tex 2025-08-29 v3.1.11a (3.1.11a)
) (/usr/share/texmf-dist/tex/generic/pgf/basiclayer/pgfcorepatterns.code.tex
File: pgfcorepatterns.code.tex 2025-08-29 v3.1.11a (3.1.11a)
)
(/usr/share/texmf-dist/tex/generic/pgf/basiclayer/pgfcorerdf.code.tex
File: pgfcorerdf.code.tex 2025-08-29 v3.1.11a (3.1.11a)
)))
(/usr/share/texmf-dist/tex/generic/pgf/modules/pgfmoduleshapes.code.tex
File: pgfmoduleshapes.code.tex 2025-08-29 v3.1.11a (3.1.11a)
\pgfnodeparttextbox=\box79
)
(/usr/share/texmf-dist/tex/generic/pgf/modules/pgfmoduleplot.code.tex
File: pgfmoduleplot.code.tex 2025-08-29 v3.1.11a (3.1.11a)
)
(/usr/share/texmf-dist/tex/latex/pgf/compatibility/pgfcomp-version-0-65.sty
Package: pgfcomp-version-0-65 2025-08-29 v3.1.11a (3.1.11a)
\pgf@nodesepstart=\dimen275
\pgf@nodesepend=\dimen276
)
(/usr/share/texmf-dist/tex/latex/pgf/compatibility/pgfcomp-version-1-18.sty
Package: pgfcomp-version-1-18 2025-08-29 v3.1.11a (3.1.11a)
))
(/usr/share/texmf-dist/tex/latex/pgf/utilities/pgffor.sty
(/usr/share/texmf-dist/tex/latex/pgf/utilities/pgfkeys.sty
(/usr/share/texmf-dist/tex/generic/pgf/utilities/pgfkeys.code.tex))
(/usr/share/texmf-dist/tex/latex/pgf/math/pgfmath.sty
(/usr/share/texmf-dist/tex/generic/pgf/math/pgfmath.code.tex))
(/usr/share/texmf-dist/tex/generic/pgf/utilities/pgffor.code.tex
Package: pgffor 2025-08-29 v3.1.11a (3.1.11a)
\pgffor@iter=\dimen277
\pgffor@skip=\dimen278
\pgffor@stack=\toks36
\pgffor@toks=\toks37
))
(/usr/share/texmf-dist/tex/generic/pgf/frontendlayer/tikz/tikz.code.tex
Package: tikz 2025-08-29 v3.1.11a (3.1.11a)

(/usr/share/texmf-dist/tex/generic/pgf/libraries/pgflibraryplothandlers.code.te
x
File: pgflibraryplothandlers.code.tex 2025-08-29 v3.1.11a (3.1.11a)
\pgf@plot@mark@count=\count331
\pgfplotmarksize=\dimen279
)
\tikz@lastx=\dimen280
\tikz@lasty=\dimen281
\tikz@lastxsaved=\dimen282
\tikz@lastysaved=\dimen283
\tikz@lastmovetox=\dimen284
\tikz@lastmovetoy=\dimen285
\tikzleveldistance=\dimen286
\tikzsiblingdistance=\dimen287
\tikz@figbox=\box80
\tikz@figbox@bg=\box81
\tikz@tempbox=\box82
\tikz@tempbox@bg=\box83
\tikztreelevel=\count332
\tikznumberofchildren=\count333
\tikznumberofcurrentchild=\count334
\tikz@fig@count=\count335
 (/usr/share/texmf-dist/tex/generic/pgf/modules/pgfmodulematrix.code.tex
File: pgfmodulematrix.code.tex 2025-08-29 v3.1.11a (3.1.11a)
\pgfmatrixcurrentrow=\count336
\pgfmatrixcurrentcolumn=\count337
\pgf@matrix@numberofcolumns=\count338
)
\tikz@expandcount=\count339

(/usr/share/texmf-dist/tex/generic/pgf/frontendlayer/tikz/libraries/tikzlibrary
topaths.code.tex
File: tikzlibrarytopaths.code.tex 2025-08-29 v3.1.11a (3.1.11a)
)))
(/usr/share/texmf-dist/tex/generic/pgf/frontendlayer/tikz/libraries/tikzlibrary
arrows.code.tex
File: tikzlibraryarrows.code.tex 2025-08-29 v3.1.11a (3.1.11a)

(/usr/share/texmf-dist/tex/generic/pgf/libraries/pgflibraryarrows.code.tex
File: pgflibraryarrows.code.tex 2025-08-29 v3.1.11a (3.1.11a)
\arrowsize=\dimen288
))
(/usr/share/texmf-dist/tex/generic/pgf/frontendlayer/tikz/libraries/tikzlibrary
backgrounds.code.tex
File: tikzlibrarybackgrounds.code.tex 2025-08-29 v3.1.11a (3.1.11a)
\pgf@layerbox@background=\box84
\pgf@layerboxsaved@background=\box85
)
(/usr/share/texmf-dist/tex/generic/pgf/frontendlayer/tikz/libraries/tikzlibrary
calc.code.tex
File: tikzlibrarycalc.code.tex 2025-08-29 v3.1.11a (3.1.11a)
)
(/usr/share/texmf-dist/tex/generic/pgf/frontendlayer/tikz/libraries/tikzlibrary
patterns.code.tex
File: tikzlibrarypatterns.code.tex 2025-08-29 v3.1.11a (3.1.11a)

(/usr/share/texmf-dist/tex/generic/pgf/libraries/pgflibrarypatterns.code.tex
File: pgflibrarypatterns.code.tex 2025-08-29 v3.1.11a (3.1.11a)
))
(/usr/share/texmf-dist/tex/generic/pgf/frontendlayer/tikz/libraries/tikzlibrary
positioning.code.tex
File: tikzlibrarypositioning.code.tex 2025-08-29 v3.1.11a (3.1.11a)
)
(/usr/share/texmf-dist/tex/generic/pgf/frontendlayer/tikz/libraries/tikzlibrary
shapes.geometric.code.tex
File: tikzlibraryshapes.geometric.code.tex 2025-08-29 v3.1.11a (3.1.11a)

(/usr/share/texmf-dist/tex/generic/pgf/libraries/shapes/pgflibraryshapes.geomet
ric.code.tex
File: pgflibraryshapes.geometric.code.tex 2025-08-29 v3.1.11a (3.1.11a)
)) (/usr/share/texmf-dist/tex/latex/pgf/utilities/pgfcalendar.sty
(/usr/share/texmf-dist/tex/generic/pgf/utilities/pgfcalendar.code.tex
File: pgfcalendar.code.tex 2025-08-29 v3.1.11a (3.1.11a)
\pgfcalendarcurrentjulian=\count340
\pgf@cal@easter@Y=\count341
\pgf@cal@easter@G=\count342
\pgf@cal@easter@C=\count343
\pgf@cal@easter@X=\count344
\pgf@cal@easter@Z=\count345
\pgf@cal@easter@D=\count346
\pgf@cal@easter@E=\count347
\pgf@cal@easter@N=\count348
\pgf@cal@easter@M=\count349
\pgf@cal@easter@julianday=\count350
))
\gtt@currentline=\count351
\gtt@lasttitleline=\count352
\gtt@currgrid=\count353
\gtt@chartwidth=\count354
\gtt@lasttitleslot=\count355
\gtt@elementid=\count356
\gtt@today@slot=\count357
\gtt@startjulian=\count358
\gtt@endjulian=\count359
\gtt@chartid=\count360
\gtt@vrule@slot=\count361
\gtt@calendar@slots=\count362
\gtt@calendar@weeknumber=\count363
\gtt@calendar@startofweek=\count364
\gtt@left@slot=\count365
\gtt@right@slot=\count366
)
(/usr/share/texmf-dist/tex/latex/hyperref/hyperref.sty
Package: hyperref 2026-01-29 v7.01p Hypertext links for LaTeX

(/usr/share/texmf-dist/tex/generic/iftex/iftex.sty
Package: iftex 2024/12/12 v1.0g TeX engine tests
)
(/usr/share/texmf-dist/tex/latex/kvsetkeys/kvsetkeys.sty
Package: kvsetkeys 2022-10-05 v1.19 Key value parser (HO)
)
(/usr/share/texmf-dist/tex/generic/kvdefinekeys/kvdefinekeys.sty
Package: kvdefinekeys 2019-12-19 v1.6 Define keys (HO)
)
(/usr/share/texmf-dist/tex/generic/pdfescape/pdfescape.sty
Package: pdfescape 2019/12/09 v1.15 Implements pdfTeX's escape features (HO)

(/usr/share/texmf-dist/tex/generic/ltxcmds/ltxcmds.sty
Package: ltxcmds 2023-12-04 v1.26 LaTeX kernel commands for general use (HO)
)
(/usr/share/texmf-dist/tex/generic/pdftexcmds/pdftexcmds.sty
Package: pdftexcmds 2020-06-27 v0.33 Utility functions of pdfTeX for LuaTeX (HO
)

(/usr/share/texmf-dist/tex/generic/infwarerr/infwarerr.sty
Package: infwarerr 2019/12/03 v1.5 Providing info/warning/error messages (HO)
)
Package pdftexcmds Info: \pdf@primitive is available.
Package pdftexcmds Info: \pdf@ifprimitive is available.
Package pdftexcmds Info: \pdfdraftmode found.
))
(/usr/share/texmf-dist/tex/latex/hycolor/hycolor.sty
Package: hycolor 2020-01-27 v1.10 Color options for hyperref/bookmark (HO)
)
(/usr/share/texmf-dist/tex/latex/hyperref/nameref.sty
Package: nameref 2026-01-29 v2.58 Cross-referencing by name of section

(/usr/share/texmf-dist/tex/latex/refcount/refcount.sty
Package: refcount 2019/12/15 v3.6 Data extraction from label references (HO)
)
(/usr/share/texmf-dist/tex/generic/gettitlestring/gettitlestring.sty
Package: gettitlestring 2019/12/15 v1.6 Cleanup title references (HO)

(/usr/share/texmf-dist/tex/latex/kvoptions/kvoptions.sty
Package: kvoptions 2022-06-15 v3.15 Key value format for package options (HO)
))

Package nameref Warning: The definition of \label has changed! 
(nameref)                Check your packages! 
(nameref)                Replacing it with the kernel definition on input line 
161.

\c@section@level=\count367
) (/usr/share/texmf-dist/tex/latex/etoolbox/etoolbox.sty
Package: etoolbox 2025/10/02 v2.5m e-TeX tools for LaTeX (JAW)
\etb@tempcnta=\count368
)
(/usr/share/texmf-dist/tex/generic/stringenc/stringenc.sty
Package: stringenc 2019/11/29 v1.12 Convert strings between diff. encodings (HO
)
)
\@linkdim=\dimen289
\Hy@linkcounter=\count369
\Hy@pagecounter=\count370

(/usr/share/texmf-dist/tex/latex/hyperref/pd1enc.def
File: pd1enc.def 2026-01-29 v7.01p Hyperref: PDFDocEncoding definition (HO)
Now handling font encoding PD1 ...
... no UTF-8 mapping file for font encoding PD1
)
(/usr/share/texmf-dist/tex/generic/intcalc/intcalc.sty
Package: intcalc 2019/12/15 v1.3 Expandable calculations with integers (HO)
)
\Hy@SavedSpaceFactor=\count371

(/usr/share/texmf-dist/tex/latex/hyperref/puenc.def
File: puenc.def 2026-01-29 v7.01p Hyperref: PDF Unicode definition (HO)
Now handling font encoding PU ...
... no UTF-8 mapping file for font encoding PU
)
Package hyperref Info: Option `colorlinks' set `true' on input line 4072.
Package hyperref Info: Hyper figures OFF on input line 4201.
Package hyperref Info: Link nesting OFF on input line 4206.
Package hyperref Info: Hyper index ON on input line 4209.
Package hyperref Info: Plain pages OFF on input line 4216.
Package hyperref Info: Backreferencing OFF on input line 4221.
Package hyperref Info: Implicit mode ON; LaTeX internals redefined.
Package hyperref Info: Bookmarks ON on input line 4468.
LaTeX Info: Redefining \href on input line 4718.
\c@Hy@tempcnt=\count372
LaTeX Info: Redefining \url on input line 4807.
\XeTeXLinkMargin=\dimen290

(/usr/share/texmf-dist/tex/generic/bitset/bitset.sty
Package: bitset 2019/12/09 v1.3 Handle bit-vector datatype (HO)

(/usr/share/texmf-dist/tex/generic/bigintcalc/bigintcalc.sty
Package: bigintcalc 2019/12/15 v1.5 Expandable calculations on big integers (HO
)
))
\Fld@menulength=\count373
\Field@Width=\dimen291
\Fld@charsize=\dimen292
Package hyperref Info: Hyper figures OFF on input line 6084.
Package hyperref Info: Link nesting OFF on input line 6089.
Package hyperref Info: Hyper index ON on input line 6092.
Package hyperref Info: backreferencing OFF on input line 6099.
Package hyperref Info: Link coloring ON on input line 6102.
Package hyperref Info: Link coloring with OCG OFF on input line 6109.
Package hyperref Info: PDF/A mode OFF on input line 6114.
\Hy@abspage=\count374
\c@Item=\count375
\c@Hfootnote=\count376
)
Package hyperref Info: Driver (autodetected): hpdftex.

(/usr/share/texmf-dist/tex/latex/hyperref/hpdftex.def
File: hpdftex.def 2026-01-29 v7.01p Hyperref driver for pdfTeX
\Fld@listcount=\count377
\c@bookmark@seq@number=\count378

(/usr/share/texmf-dist/tex/latex/rerunfilecheck/rerunfilecheck.sty
Package: rerunfilecheck 2025-06-21 v1.11 Rerun checks for auxiliary files (HO)

(/usr/share/texmf-dist/tex/generic/uniquecounter/uniquecounter.sty
Package: uniquecounter 2019/12/15 v1.4 Provide unlimited unique counter (HO)
)
Package uniquecounter Info: New unique counter `rerunfilecheck' on input line 2
84.
)
\Hy@SectionHShift=\skip60
)
(/usr/share/texmf-dist/tex/latex/float/float.sty
Package: float 2001/11/08 v1.3d Float enhancements (AL)
\c@float@type=\count379
\float@exts=\toks38
\float@box=\box86
\@float@everytoks=\toks39
\@floatcapt=\box87
)
(/usr/share/texmf-dist/tex/latex/listings/lstlang1.sty
File: lstlang1.sty 2025/11/14 1.11b listings language file
)
Class revtex4-1 Info: Unrecognized LaTeX tabular. Please update this document c
lass! (Proceeding with fingers crossed.) on input line 190.


Class revtex4-1 Warning: Repair the float package.

Class revtex4-1 Info: cite was not loaded (OK!) on input line 190.
Class revtex4-1 Info: mcite was not loaded (OK!) on input line 190.
Class revtex4-1 Info: multicol was not loaded (OK!) on input line 190.
(/usr/share/texmf-dist/tex/latex/l3backend/l3backend-pdftex.def
File: l3backend-pdftex.def 2025-10-09 L3 backend support: PDF output (pdfTeX)
\l__color_backend_stack_int=\count380
)
(./report_dm2.aux)
\openout1 = `report_dm2.aux'.

LaTeX Font Info:    Checking defaults for OML/cmm/m/it on input line 190.
LaTeX Font Info:    ... okay on input line 190.
LaTeX Font Info:    Checking defaults for OMS/cmsy/m/n on input line 190.
LaTeX Font Info:    ... okay on input line 190.
LaTeX Font Info:    Checking defaults for OT1/cmr/m/n on input line 190.
LaTeX Font Info:    ... okay on input line 190.
LaTeX Font Info:    Checking defaults for T1/cmr/m/n on input line 190.
LaTeX Font Info:    ... okay on input line 190.
LaTeX Font Info:    Checking defaults for TS1/cmr/m/n on input line 190.
LaTeX Font Info:    ... okay on input line 190.
LaTeX Font Info:    Checking defaults for OMX/cmex/m/n on input line 190.
LaTeX Font Info:    ... okay on input line 190.
LaTeX Font Info:    Checking defaults for U/cmr/m/n on input line 190.
LaTeX Font Info:    ... okay on input line 190.
LaTeX Font Info:    Checking defaults for PD1/pdf/m/n on input line 190.
LaTeX Font Info:    ... okay on input line 190.
LaTeX Font Info:    Checking defaults for PU/pdf/m/n on input line 190.
LaTeX Font Info:    ... okay on input line 190.
 (/usr/share/texmf-dist/tex/context/base/mkii/supp-pdf.mkii
[Loading MPS to PDF converter (version 2006.09.02).]
\scratchcounter=\count381
\scratchdimen=\dimen293
\scratchbox=\box88
\nofMPsegments=\count382
\nofMParguments=\count383
\everyMPshowfont=\toks40
\MPscratchCnt=\count384
\MPscratchDim=\dimen294
\MPnumerator=\count385
\makeMPintoPDFobject=\count386
\everyMPtoPDFconversion=\toks41
) (/usr/share/texmf-dist/tex/latex/epstopdf-pkg/epstopdf-base.sty
Package: epstopdf-base 2020-01-24 v2.11 Base part for package epstopdf
Package epstopdf-base Info: Redefining graphics rule for `.eps' on input line 4
85.

(/usr/share/texmf-dist/tex/latex/latexconfig/epstopdf-sys.cfg
File: epstopdf-sys.cfg 2010/07/13 v1.3 Configuration of (r)epstopdf for TeX Liv
e
))
\c@lstlisting=\count387
Package caption Info: Begin \AtBeginDocument code.
Package caption Info: float package is loaded.
Package caption Info: hyperref package is loaded.
Package caption Info: End \AtBeginDocument code.
Package hyperref Info: Link coloring ON on input line 190.

(./report_dm2.out) (./report_dm2.out)
\@outlinefile=\write5
\openout5 = `report_dm2.out'.

Class revtex4-1 Info: Taking \maketitle back from hyperref on input line 190.
\openout3 = `report_dm2Notes.bib'.



Package hyperref Warning: Token not allowed in a PDF string (Unicode):
(hyperref)                removing `\\' on input line 207.

LaTeX Font Info:    Trying to load font information for U+msa on input line 207
.
(/usr/share/texmf-dist/tex/latex/amsfonts/umsa.fd
File: umsa.fd 2013/01/14 v3.01 AMS symbols A
)
LaTeX Font Info:    Trying to load font information for U+msb on input line 207
.

(/usr/share/texmf-dist/tex/latex/amsfonts/umsb.fd
File: umsb.fd 2013/01/14 v3.01 AMS symbols B
) (./report_dm2.toc
Overfull \hbox (5.74997pt too wide) detected at line 5
 \OT1/cmr/bx/n/10 2
 []


Overfull \hbox (5.74997pt too wide) detected at line 10
 \OT1/cmr/bx/n/10 3
 []


Overfull \hbox (5.74997pt too wide) detected at line 15
 \OT1/cmr/bx/n/10 3
 []


Overfull \hbox (5.32494pt too wide) detected at line 17
 \OT1/cmr/bx/n/9 4
 []


Overfull \hbox (5.32494pt too wide) detected at line 21
 \OT1/cmr/bx/n/9 5
 []


Overfull \hbox (5.32494pt too wide) detected at line 24
 \OT1/cmr/bx/n/9 5
 []


Overfull \hbox (5.32494pt too wide) detected at line 27
 \OT1/cmr/bx/n/9 6
 []


Overfull \hbox (5.32494pt too wide) detected at line 29
 \OT1/cmr/bx/n/9 7
 []


Overfull \hbox (5.74997pt too wide) detected at line 30
 \OT1/cmr/bx/n/10 7
 []


Overfull \hbox (5.32494pt too wide) detected at line 32
 \OT1/cmr/bx/n/9 7
 []


Overfull \hbox (4.25006pt too wide) detected at line 34
 \OT1/cmr/m/n/8 7
 []


Overfull \hbox (4.25006pt too wide) detected at line 41
 \OT1/cmr/m/n/8 8
 []


Overfull \hbox (4.25006pt too wide) detected at line 42
 \OT1/cmr/m/n/8 8
 []


Overfull \hbox (5.32494pt too wide) detected at line 44
 \OT1/cmr/bx/n/9 9
 []


Overfull \hbox (11.49994pt too wide) detected at line 49
 \OT1/cmr/bx/n/10 11
 []


Overfull \hbox (10.64987pt too wide) detected at line 50
 \OT1/cmr/bx/n/9 11
 []


Overfull \hbox (8.50012pt too wide) detected at line 52
 \OT1/cmr/m/n/8 11
 []


Overfull \hbox (8.50012pt too wide) detected at line 55
 \OT1/cmr/m/n/8 12
 []


Overfull \hbox (8.50012pt too wide) detected at line 58
 \OT1/cmr/m/n/8 12
 []


Overfull \hbox (8.50012pt too wide) detected at line 62
 \OT1/cmr/m/n/8 12
 []


Overfull \hbox (8.50012pt too wide) detected at line 65
 \OT1/cmr/m/n/8 13
 []


Overfull \hbox (8.50012pt too wide) detected at line 68
 \OT1/cmr/m/n/8 13
 []


Overfull \hbox (10.64987pt too wide) detected at line 73
 \OT1/cmr/bx/n/9 14
 []


Overfull \hbox (10.64987pt too wide) detected at line 76
 \OT1/cmr/bx/n/9 15
 []


Overfull \hbox (10.64987pt too wide) detected at line 81
 \OT1/cmr/bx/n/9 16
 []


Overfull \hbox (11.49994pt too wide) detected at line 85
 \OT1/cmr/bx/n/10 17
 []


Overfull \hbox (10.64987pt too wide) detected at line 86
 \OT1/cmr/bx/n/9 17
 []


Overfull \hbox (10.64987pt too wide) detected at line 88
 \OT1/cmr/bx/n/9 17
 []


Overfull \hbox (10.64987pt too wide) detected at line 89
 \OT1/cmr/bx/n/9 18
 []


Overfull \hbox (10.64987pt too wide) detected at line 90
 \OT1/cmr/bx/n/9 18
 []


Overfull \hbox (10.64987pt too wide) detected at line 93
 \OT1/cmr/bx/n/9 18
 []


Overfull \hbox (11.49994pt too wide) detected at line 94
 \OT1/cmr/bx/n/10 18
 []


Overfull \hbox (10.64987pt too wide) detected at line 95
 \OT1/cmr/bx/n/9 19
 []


Overfull \hbox (10.64987pt too wide) detected at line 98
 \OT1/cmr/bx/n/9 19
 []


Overfull \hbox (10.64987pt too wide) detected at line 101
 \OT1/cmr/bx/n/9 20
 []


Overfull \hbox (10.64987pt too wide) detected at line 104
 \OT1/cmr/bx/n/9 20
 []


Overfull \hbox (10.64987pt too wide) detected at line 107
 \OT1/cmr/bx/n/9 21
 []


Overfull \hbox (10.64987pt too wide) detected at line 110
 \OT1/cmr/bx/n/9 21
 []


Overfull \hbox (11.49994pt too wide) detected at line 115
 \OT1/cmr/bx/n/10 22
 []


Overfull \hbox (11.49994pt too wide) detected at line 118
 \OT1/cmr/bx/n/10 23
 []

)
\tf@toc=\write6
\openout6 = `report_dm2.toc'.


Overfull \vbox (5.86755pt too high) has occurred while \output is active []


[1{/var/lib/texmf/fonts/map/pdftex/updmap/pdftex.map}]
Underfull \hbox (badness 1642) in paragraph at lines 217--218
\OT1/cmr/m/n/10 is whether the level of prob-lem-atic in-ter-net us-age
 []


Underfull \hbox (badness 10000) in paragraph at lines 217--218

 []


Underfull \hbox (badness 4144) in paragraph at lines 219--220
\OT1/cmr/m/n/10 impedance mea-sure-ments, and (ii) a \OT1/cmr/bx/n/10 time-seri
es
 []


Underfull \hbox (badness 2088) in paragraph at lines 219--220
\OT1/cmr/m/n/10 Pre-pro-cess-ing --- anomaly de-tec-tion, di-men-sion-al-ity
 []


Underfull \hbox (badness 10000) in paragraph at lines 219--220

 []


Underfull \hbox (badness 1122) in paragraph at lines 221--222
\OT1/cmr/m/n/10 ver-sion of the orig-i-nal CMI re-lease: some orig-i-nal
 []


Underfull \hbox (badness 10000) in paragraph at lines 221--222

 []


Underfull \hbox (badness 10000) in paragraph at lines 223--224

 []


Underfull \hbox (badness 3407) in paragraph at lines 225--226
 []\OT1/cmr/m/it/10 c. Project Ob-jec-tives.[] \OT1/cmr/m/n/10 The main ob-jec-
tives ad-
 []


Underfull \hbox (badness 1838) in paragraph at lines 234--235
 \OT1/cmr/m/n/10 ings with $\OML/cmm/m/it/10 k$\OT1/cmr/m/n/10 -NN (Eu-clidean/
Manhattan/DTW),
 []


Underfull \hbox (badness 3701) in paragraph at lines 234--235
 \OT1/cmr/m/n/10 shapelets, MiniRocket, and MUSE, un-der a
 []


Underfull \hbox (badness 1383) in paragraph at lines 237--238
[]\OT1/cmr/m/n/10 Together these tasks move from de-scrip-tive data
 []


Underfull \hbox (badness 1048) in paragraph at lines 237--238
\OT1/cmr/m/n/10 in-ter-pre-ta-tion, giv-ing a com-pre-hen-sive view of how
 []


Underfull \hbox (badness 10000) in paragraph at lines 237--238

 []


Underfull \hbox (badness 10000) in paragraph at lines 239--240
 []\OT1/cmr/m/it/10 d. An-a-lyt-i-cal phi-los-o-phy.[] \OT1/cmr/m/n/10 A re-cur
-ring theme
 []


Underfull \hbox (badness 1377) in paragraph at lines 239--240
\OT1/cmr/m/n/10 through-out this re-port is the ten-sion be-tween two
 []


Underfull \hbox (badness 3449) in paragraph at lines 239--240
\OT1/cmr/m/n/10 macro-averaged met-rics as the pri-mary eval-u-a-tion
 []


Underfull \hbox (badness 1708) in paragraph at lines 239--240
\OT1/cmr/m/n/10 to pre-vent that in-for-ma-tion from leak-ing into the
 []


Underfull \hbox (badness 2486) in paragraph at lines 239--240
\OT1/cmr/m/n/10 pre-dic-tors, even in-di-rectly through the im-pu-ta-tion
 []


Underfull \hbox (badness 10000) in paragraph at lines 243--244

 []

[2{/usr/share/texmf-dist/fonts/enc/dvips/cm-super/cm-super-ts1.enc}]
Underfull \hbox (badness 10000) in paragraph at lines 245--246

 []


Underfull \hbox (badness 10000) in paragraph at lines 251--252
 []\OT1/cmr/bx/n/10 Demographics: \OT1/cmtt/m/n/10 Basic[]Demos-Age \OT1/cmr/m/
n/10 and
 []


Underfull \hbox (badness 1881) in paragraph at lines 255--256
 \OT1/cmr/m/n/10 mass in-dices, daily en-ergy ex-pen-di-ture, body
 []


Underfull \hbox (badness 10000) in paragraph at lines 256--257
 []\OT1/cmr/bx/n/10 Behavioral: \OT1/cmr/m/n/10 the Phys-i-cal Ac-tiv-ity Ques-

 []


Underfull \hbox (badness 10000) in paragraph at lines 256--257
 \OT1/cmr/m/n/10 tion-naire scores (\OT1/cmtt/m/n/10 PAQ[]A\OT1/cmr/m/n/10 /\OT
1/cmtt/m/n/10 PAQ[]C\OT1/cmr/m/n/10 ) and self-
 []


Underfull \hbox (badness 10000) in paragraph at lines 256--257
 \OT1/cmr/m/n/10 reported daily in-ter-net/computer hours
 []


Underfull \hbox (badness 1708) in paragraph at lines 260--261
\OT1/cmr/m/n/10 min-is-tic thresh-old-ing of \OT1/cmtt/m/n/10 PCIAT-PCIAT[]Tota
l \OT1/cmr/m/n/10 at the
 []


Underfull \hbox (badness 10000) in paragraph at lines 260--261

 []


Underfull \hbox (badness 10000) in paragraph at lines 262--263
 []\OT1/cmr/m/it/10 d. Why phys-i-cal prox-ies?[] \OT1/cmr/m/n/10 The com-pe-ti
-tion's
 []


Underfull \hbox (badness 10000) in paragraph at lines 262--263

 []


Underfull \hbox (badness 2809) in paragraph at lines 264--265
[]\OT1/cmr/m/n/10 Overall, the dataset com-bines het-ero-ge-neous in-
 []


Underfull \hbox (badness 3098) in paragraph at lines 264--265
\OT1/cmr/m/n/10 stru-ments, per-va-sive miss-ing-ness, re-dun-dant body-
 []


Underfull \hbox (badness 10000) in paragraph at lines 267--268

 []


Underfull \hbox (badness 1852) in paragraph at lines 269--270
[]\OT1/cmr/m/n/10 We be-gin with de-scrip-tive statis-tics, dis-tri-bu-tion
 []


Underfull \hbox (badness 1303) in paragraph at lines 269--270
\OT1/cmr/m/n/10 re-dun-dant vari-ables. The find-ings then guide the
 []


Underfull \hbox (badness 10000) in paragraph at lines 269--270

 []

[3]
Underfull \hbox (badness 10000) in paragraph at lines 279--280
 []\OT1/cmr/bx/n/10 Weight / blood pres-sure:
 []


Underfull \hbox (badness 10000) in paragraph at lines 279--280
 \OT1/cmtt/m/n/10 Physical-Weight\OT1/cmr/m/n/10 , \OT1/cmtt/m/n/10 Physical-Sy
stolic[]BP\OT1/cmr/m/n/10 ,
 []


Underfull \hbox (badness 2027) in paragraph at lines 279--280
 \OT1/cmr/m/n/10 and \OT1/cmtt/m/n/10 Physical-Diastolic[]BP \OT1/cmr/m/n/10 eq
ual to $0$ were
 []


Underfull \hbox (badness 10000) in paragraph at lines 282--283

 []


LaTeX Warning: `h' float specifier changed to `ht'.


LaTeX Warning: `h' float specifier changed to `ht'.


Underfull \hbox (badness 7081) in paragraph at lines 305--306
\OT1/cmr/m/n/10 among the re-tained pre-dic-tors, \OT1/cmtt/m/n/10 Physical-Wei
ght
 []


Underfull \hbox (badness 10000) in paragraph at lines 305--306
\OT1/cmr/m/n/10 ($9\OML/cmm/m/it/10 :\OT1/cmr/m/n/10 7%$), \OT1/cmtt/m/n/10 Pre
Int[]EduHx-computerinternet[]hoursday
 []


Underfull \hbox (badness 1253) in paragraph at lines 326--327
\OT1/cmr/m/n/10 parent-child ques-tion-naire was ad-min-is-tered to only
 []

[4]
Underfull \hbox (badness 10000) in paragraph at lines 332--333

 []


Underfull \hbox (badness 7081) in paragraph at lines 334--335
[]\OT1/cmr/m/n/10 The con-fig-u-ra-tion gen-er-ated \OT1/cmtt/m/n/10 NUM[]DATAS
ETS$\OT1/cmr/m/n/10 = 3$
 []


Underfull \hbox (badness 10000) in paragraph at lines 334--335
\OT1/cmr/m/n/10 im-puted copies with $5$ MICE it-er-a-tions each
 []


Underfull \hbox (badness 3250) in paragraph at lines 334--335
\OT1/cmr/m/n/10 (\OT1/cmtt/m/n/10 random[]state$\OT1/cmr/m/n/10 = 42$, \OT1/cmt
t/m/n/10 mean[]match[]candidates$\OT1/cmr/m/n/10 = 5$).
 []


Underfull \hbox (badness 1442) in paragraph at lines 334--335
\OT1/cmr/m/n/10 ac-tiv-ity level, internet-hours band) were cast to a
 []


Underfull \hbox (badness 1168) in paragraph at lines 334--335
\OT1/cmr/m/n/10 cat-e-gor-i-cal dtype and im-puted with a SHAP-based
 []


Underfull \hbox (badness 10000) in paragraph at lines 334--335

 []


Underfull \hbox (badness 1521) in paragraph at lines 336--337
\OT1/cmr/m/n/10 This pre-vents PCIAT-derived in-for-ma-tion --- which
 []


Underfull \hbox (badness 1509) in paragraph at lines 336--337
\OT1/cmr/m/n/10 the fea-tures later con-sumed by anomaly de-tec-tion,
 []


Underfull \hbox (badness 10000) in paragraph at lines 336--337

 []


Underfull \hbox (badness 3942) in paragraph at lines 338--339
 []\OT1/cmr/m/it/10 b. Why MICE rather than sim-pler im-pu-ta-tion.[]
 []


Underfull \hbox (badness 3601) in paragraph at lines 338--339
\OT1/cmr/m/n/10 Single-value sub-sti-tu-tion (mean or me-dian) would
 []


Underfull \hbox (badness 1168) in paragraph at lines 338--339
\OT1/cmr/m/n/10 dis-tri-bu-tion of a miss-ing field de-pends strongly on
 []


Underfull \hbox (badness 1107) in paragraph at lines 338--339
\OT1/cmr/m/n/10 sub-sti-tu-tion. Sec-ond, mean sub-sti-tu-tion ar-ti-fi-cially
 []


Underfull \hbox (badness 2735) in paragraph at lines 338--339
\OT1/cmr/m/n/10 anal-y-sis and the distance-based anomaly de-tec-tors
 []


Underfull \hbox (badness 10000) in paragraph at lines 338--339

 []


Underfull \hbox (badness 1412) in paragraph at lines 350--351
\OT1/cmr/m/n/10 composition mea-sure-ments and are there-fore highly
 []


Underfull \hbox (badness 3108) in paragraph at lines 350--351
\OT1/cmr/m/n/10 collinear. We com-puted a Spear-man cor-re-la-tion
 []


Underfull \hbox (badness 10000) in paragraph at lines 350--351

 []


Underfull \hbox (badness 10000) in paragraph at lines 352--353
 []\OT1/cmr/m/it/10 a. Redundancy-driven re-moval.[] \OT1/cmtt/m/n/10 Physical-
BMI
 []


Underfull \hbox (badness 10000) in paragraph at lines 352--353
\OT1/cmr/m/n/10 was re-moved as re-dun-dant with \OT1/cmtt/m/n/10 BIA-BIA[]BMI\
OT1/cmr/m/n/10 ,
 []


Underfull \hbox (badness 1939) in paragraph at lines 352--353
\OT1/cmr/m/n/10 and the collinear extended-BIA panel listed above
 []


Underfull \hbox (badness 2213) in paragraph at lines 352--353
\OT1/cmr/m/n/10 composition de-scrip-tors (\OT1/cmtt/m/n/10 BIA-BIA[]BMI\OT1/cm
r/m/n/10 , \OT1/cmtt/m/n/10 BIA-BIA[]FFM\OT1/cmr/m/n/10 ,
 []


Underfull \hbox (badness 10000) in paragraph at lines 352--353
\OT1/cmtt/m/n/10 BIA-BIA[]FFMI\OT1/cmr/m/n/10 , \OT1/cmtt/m/n/10 BIA-BIA[]FMI\O
T1/cmr/m/n/10 , \OT1/cmtt/m/n/10 BIA-BIA[]DEE\OT1/cmr/m/n/10 ,
 []


Underfull \hbox (badness 10000) in paragraph at lines 352--353
\OT1/cmtt/m/n/10 BIA-BIA[]Activity[]Level[]num\OT1/cmr/m/n/10 , \OT1/cmtt/m/n/1
0 BIA-BIA[]Frame[]num\OT1/cmr/m/n/10 )
 []


Underfull \hbox (badness 10000) in paragraph at lines 352--353

 []


LaTeX Warning: `h' float specifier changed to `ht'.

[5]

LaTeX Warning: A float is stuck (cannot be placed); try class option [floatfix]
 on input line 362.


Underfull \hbox (badness 6094) in paragraph at lines 392--393
 \OT1/cmtt/m/n/10 Physical-Weight \OT1/cmr/m/n/10 from pounds to kilo-grams
 []

LaTeX Font Info:    Trying to load font information for OMS+cmr on input line 3
99.
(/usr/share/texmf-dist/tex/latex/base/omscmr.fd
File: omscmr.fd 2024/11/19 v2.5n Standard LaTeX font definitions
)
LaTeX Font Info:    Font shape `OMS/cmr/m/n' in size <10> not available
(Font)              Font shape `OMS/cmsy/m/n' tried instead on input line 399.

Underfull \hbox (badness 1635) in paragraph at lines 399--400
 \OT1/cmr/m/n/10 is the sum of the seven bi-nary Fit-ness-Gram
 []


Underfull \hbox (badness 1178) in paragraph at lines 402--403
\OT1/cmr/m/n/10 fea-ture re-places a clus-ter of re-dun-dant or hard-to-
 []


Underfull \hbox (badness 10000) in paragraph at lines 402--403

 []


Underfull \hbox (badness 1596) in paragraph at lines 407--408
\OT1/cmr/m/n/10 the cleaned dataset the classes are \OT1/cmtt/m/n/10 None $\OMS
/cmsy/m/n/10 ^^Y \OT1/cmr/m/n/10 69%$,
 []


Underfull \hbox (badness 10000) in paragraph at lines 407--408

 []

[6]
Underfull \hbox (badness 1231) in paragraph at lines 416--417
[]\OT1/cmr/m/n/10 After clean-ing, im-pu-ta-tion, and fea-ture en-gi-neer-
 []


Underfull \hbox (badness 2726) in paragraph at lines 429--430
 []\OT1/cmr/m/it/10 a. Ex-tended Iso-la-tion For-est (model-based).[] \OT1/cmr/
m/n/10 EIF
 []

[7]
Underfull \hbox (badness 1742) in paragraph at lines 449--450
\OT1/cmr/m/n/10 com-pares the lo-cal den-sity of a point to that of
 []


Underfull \hbox (badness 1072) in paragraph at lines 451--452
\OT1/cmr/m/n/10 many one-dimensional random-projection his-tograms,
 []


Underfull \hbox (badness 2865) in paragraph at lines 451--452
\OT1/cmr/m/n/10 pro-vid-ing a lightweight en-sem-ble den-sity es-ti-mate.
 []


Underfull \hbox (badness 2653) in paragraph at lines 451--452
\OT1/cmr/m/n/10 With \OT1/cmtt/m/n/10 n[]bins$\OT1/cmr/m/n/10 = 10$ and \OT1/cm
tt/m/n/10 n[]random[]cuts$\OT1/cmr/m/n/10 = 100$ and
 []


Underfull \hbox (badness 1137) in paragraph at lines 484--485
\OT1/cmr/m/n/10 the de-tec-tors qual-i-ta-tively, the stan-dard-ized fea-ture
 []


LaTeX Warning: `h' float specifier changed to `ht'.


Underfull \hbox (badness 10000) in paragraph at lines 494--495

 []

[8]

LaTeX Warning: A float is stuck (cannot be placed); try class option [floatfix]
 on input line 495.


Underfull \hbox (badness 10000) in paragraph at lines 513--514

 []


Underfull \hbox (badness 1590) in paragraph at lines 534--535
\OT1/cmr/m/it/10 ing set only\OT1/cmr/m/n/10 , and for each re-sam-pled set a D
e-ci-
 []

[9]
Underfull \hbox (badness 1515) in paragraph at lines 539--540
 \OT1/cmr/m/n/10 re-moves ma-jor-ity points mis-clas-si-fied by their
 []


Underfull \hbox (badness 1325) in paragraph at lines 539--540
 \OT1/cmr/m/n/10 neigh-bors, ag-gres-sively shrink-ing the minority-
 []


Underfull \hbox (badness 8170) in paragraph at lines 541--542
 []\OT1/cmr/bx/n/10 ADASYN \OT1/cmr/m/n/10 (over-sam-pling): adap-tively syn-
 []


Underfull \hbox (badness 10000) in paragraph at lines 541--542
 \OT1/cmr/m/n/10 the-sizes mi-nor-ity sam-ples to near-balance,
 []


Underfull \hbox (badness 10000) in paragraph at lines 551--552

 []


Underfull \hbox (badness 1275) in paragraph at lines 573--574
[]\OT1/cmr/m/n/10 The best Decision-Tree con-fig-u-ra-tion se-lected per
 []

[10]
Underfull \hbox (badness 10000) in paragraph at lines 611--612
 []\OT1/cmr/m/it/10 a. Com-mon pro-to-col.[] \OT1/cmr/m/n/10 All clas-si-fiers 
use the
 []


Underfull \hbox (badness 1852) in paragraph at lines 611--612
\OT1/cmr/m/n/10 consensus-clean dataset ($8[]193$ rows), the same $18$
 []


Underfull \hbox (badness 1803) in paragraph at lines 611--612
\OT1/cmr/m/n/10 pre-dic-tors (ex-clud-ing \OT1/cmtt/m/n/10 sii \OT1/cmr/m/n/10 
and \OT1/cmtt/m/n/10 PCIAT-PCIAT[]Total\OT1/cmr/m/n/10 ),
 []


Underfull \hbox (badness 4303) in paragraph at lines 611--612
\OT1/cmr/m/n/10 tuned with \OT1/cmtt/m/n/10 RandomizedSearchCV \OT1/cmr/m/n/10 
($5$-fold strat-i-fied,
 []


Underfull \hbox (badness 1142) in paragraph at lines 625--626
 []\OT1/cmr/m/it/10 a. Model and tun-ing.[] \OT1/cmr/m/n/10 An SVM [[]] ex-tend
s the
 []

[11] [12]
Underfull \hbox (badness 10000) in paragraph at lines 659--660
 []\OT1/cmr/m/it/10 a. Model and tun-ing.[] \OT1/cmr/m/n/10 XG-Boost [[]]
 []


Underfull \hbox (badness 1430) in paragraph at lines 659--660
\OT1/cmr/m/n/10 (\OT1/cmtt/m/n/10 multi:softprob\OT1/cmr/m/n/10 , \OT1/cmtt/m/n
/10 hist\OT1/cmr/m/n/10 ) was tuned over $60$ can-di-
 []


LaTeX Warning: `h' float specifier changed to `ht'.

[13]
Underfull \hbox (badness 1776) in paragraph at lines 738--739
 []\OT1/cmr/m/it/10 c. Class-wise pat-tern.[] \OT1/cmr/m/n/10 Across all mod-el
s, er-rors
 []


Underfull \hbox (badness 6691) in paragraph at lines 738--739
\OT1/cmr/m/n/10 con-cen-trate be-tween \OT1/cmr/m/it/10 ad-ja-cent \OT1/cmr/m/n
/10 sever-ity lev-els and
 []


Underfull \hbox (badness 1077) in paragraph at lines 762--763
\OT1/cmr/m/n/10 std $17\OML/cmm/m/it/10 :\OT1/cmr/m/n/10 0$; right-skewed). The
 label-defining \OT1/cmtt/m/n/10 sii \OT1/cmr/m/n/10 is
 []

[14]
Underfull \hbox (badness 10000) in paragraph at lines 783--783
[]\OT1/cmr/m/n/10 TABLE XII: |Non-linear re-gres-sors pre-dict-ing
 []


Underfull \hbox (badness 4846) in paragraph at lines 817--818
\OT1/cmr/m/n/10 global tree-based at-tri-bu-tion, model-agnostic lo-cal
 []


Underfull \hbox (badness 10000) in paragraph at lines 817--818

 []


Underfull \hbox (badness 10000) in paragraph at lines 819--820
 []\OT1/cmr/m/it/10 a. SHAP (XG-Boost).[] \OT1/cmr/m/n/10 A \OT1/cmtt/m/n/10 Tr
eeExplainer \OT1/cmr/m/n/10 pro-
 []


Underfull \hbox (badness 5345) in paragraph at lines 819--820
\OT1/cmr/m/n/10 duces per-class Shap-ley val-ues for the XG-Boost
 []


Underfull \hbox (badness 2269) in paragraph at lines 819--820
\OT1/cmr/m/n/10 mean-$\OMS/cmsy/m/n/10 j$\OT1/cmr/m/n/10 SHAP$\OMS/cmsy/m/n/10 
j$ \OT1/cmr/m/n/10 bar chart (Fig-ure [][]24[][]) con-firms that
 []


Underfull \hbox (badness 10000) in paragraph at lines 819--820

 []

[15]
Underfull \hbox (badness 10000) in paragraph at lines 821--822

 []


Underfull \hbox (badness 7759) in paragraph at lines 823--824
 []\OT1/cmr/m/it/10 c. Per-mu-ta-tion im-por-tance.[] \OT1/cmr/m/n/10 Com-puted
 for the
 []


Underfull \hbox (badness 1789) in paragraph at lines 823--824
\OT1/cmr/m/n/10 while the collinear BIA body-composition vari-ables
 []


Underfull \hbox (badness 10000) in paragraph at lines 823--824

 []


LaTeX Warning: `h' float specifier changed to `ht'.


Underfull \hbox (badness 1728) in paragraph at lines 839--840
\OT1/cmr/m/n/10 swer com-ple-men-tary ques-tions and their agree-ment
 []


Underfull \hbox (badness 1092) in paragraph at lines 839--840
\OT1/cmr/m/n/10 i-cally grounded, glob-ally con-sis-tent at-tri-bu-tion that
 []


Underfull \hbox (badness 10000) in paragraph at lines 839--840

 []


Underfull \hbox (badness 1142) in paragraph at lines 846--847
\OT1/cmr/m/n/10 der an \OT1/cmr/m/it/10 iden-ti-cal \OT1/cmr/m/n/10 pro-to-col 
(same split, seed, hyper-
 []


Underfull \hbox (badness 1824) in paragraph at lines 846--847
\OT1/cmr/m/n/10 weight XG-Boost re-pro-duc-ing the stan-dalone setup,
 []

[16] [17]
Underfull \hbox (badness 10000) in paragraph at lines 892--893
 []\OT1/cmr/m/it/10 b. A magnitude-and-isolation rule.[] \OT1/cmr/m/n/10 Since 
each
 []


Underfull \hbox (badness 3219) in paragraph at lines 892--893
\OT1/cmr/m/n/10 i-o-log-i-cal ceil-ing: even sus-tained vig-or-ous ex-er-cise
 []


Underfull \hbox (badness 1571) in paragraph at lines 922--923
\OT1/cmr/m/n/10 pre-dict-ing the bi-na-rized Sever-ity Im-pair-ment In-dex
 []

[18]
Underfull \hbox (badness 3138) in paragraph at lines 927--928
 []\OT1/cmr/m/it/10 a. Method-olog-i-cal re-sponse.[] \OT1/cmr/m/n/10 Ev-ery de
-sign choice
 []


Underfull \hbox (badness 10000) in paragraph at lines 927--928
\OT1/cmr/bx/n/10 grouped, strat-i-fied, nested cross-validation
 []


Underfull \hbox (badness 1845) in paragraph at lines 936--937
 []\OT1/cmr/m/it/10 b. Com-mon pro-to-col.[] \OT1/cmr/m/n/10 All meth-ods con-s
ume the
 []


Package hyperref Warning: Token not allowed in a PDF string (Unicode):
(hyperref)                removing `math shift' on input line 938.


Package hyperref Warning: Token not allowed in a PDF string (Unicode):
(hyperref)                removing `math shift' on input line 938.

[19]
Underfull \hbox (badness 1348) in paragraph at lines 951--952
\OT1/cmr/m/n/10 si-fier can be trained. We re-trieve shapelets with
 []


Underfull \hbox (badness 1430) in paragraph at lines 953--954
\OT1/cmr/m/n/10 com-pet-i-tive (AUC $0\OML/cmm/m/it/10 :\OT1/cmr/m/n/10 620$, b
al-anced ac-cu-racy $0\OML/cmm/m/it/10 :\OT1/cmr/m/n/10 557$),
 []


Underfull \hbox (badness 2134) in paragraph at lines 953--954
\OT1/cmr/m/n/10 but the in-ter-pretable Shapelet-Transform-plus-Forest
 []

[20]
Overfull \hbox (31.80652pt too wide) in paragraph at lines 980--994
 []$[]$ 
 []


Overfull \hbox (49.34706pt too wide) in paragraph at lines 1001--1014
 []$[]$ 
 []


LaTeX Warning: `h' float specifier changed to `ht'.


LaTeX Warning: `h' float specifier changed to `ht'.


LaTeX Warning: `h' float specifier changed to `ht'.

[21]

LaTeX Warning: A float is stuck (cannot be placed); try class option [floatfix]
 on input line 1041.


Underfull \hbox (badness 1057) in paragraph at lines 1047--1048
\OT1/cmr/m/n/10 su-per-vised mod-el-ing with ex-plain-abil-ity --- and the
 []


Underfull \hbox (badness 10000) in paragraph at lines 1047--1048

 []


Underfull \hbox (badness 1297) in paragraph at lines 1049--1050
[]\OT1/cmr/m/n/10 In prepa-ra-tion we cor-rected phys-i-cally im-pos-si-ble
 []


Underfull \hbox (badness 1107) in paragraph at lines 1049--1050
\OT1/cmr/m/n/10 val-ues, im-puted per-va-sive miss-ing-ness with leakage-
 []


Underfull \hbox (badness 1087) in paragraph at lines 1049--1050
\OT1/cmr/m/n/10 records, and a con-trolled imbalanced-learning study
 []


Underfull \hbox (badness 2469) in paragraph at lines 1049--1050
\OT1/cmr/m/n/10 anal-y-ses iden-ti-fied self-reported in-ter-net hours and
 []


Underfull \hbox (badness 10000) in paragraph at lines 1049--1050

 []


Underfull \hbox (badness 10000) in paragraph at lines 1051--1052

 []


Underfull \hbox (badness 1168) in paragraph at lines 1053--1054
\OT1/cmr/m/n/10 while a con-vo-lu-tional ker-nel model (MiniRocket) is
 []


Underfull \hbox (badness 10000) in paragraph at lines 1053--1054

 []


Underfull \hbox (badness 2573) in paragraph at lines 1055--1056
 []\OT1/cmr/m/it/10 b. Lim-i-ta-tions and fu-ture work.[] \OT1/cmr/m/n/10 Sev-e
ral fac-tors
 []

[22] (./report_dm2.bbl
Underfull \hbox (badness 6859) in paragraph at lines 56--63
 []\OT1/cmr/m/n/9 Child Mind In-sti-tute, ``Child mind in-sti-tute ---
 []


Underfull \hbox (badness 10000) in paragraph at lines 56--63
 \OT1/cmr/m/n/9 prob-lem-atic in-ter-net use,'' Kag-gle com-pe-ti-tion
 []


Underfull \hbox (badness 10000) in paragraph at lines 56--63
 \OT1/cmr/m/n/9 (2024), [][]$\OT1/cmtt/m/n/9 https : / / www . kaggle . com / c
ompetitions /
 []


Underfull \hbox (badness 10000) in paragraph at lines 56--63
 \OT1/cmtt/m/n/9 child-[]mind-[]institute-[]problematic-[]internet-[]use /
 []

) [23] (./report_dm2.aux)
 ***********
LaTeX2e <2025-11-01>
L3 programming layer <2026-01-19>
 ***********
Package rerunfilecheck Info: File `report_dm2.out' has not changed.
(rerunfilecheck)             Checksum: CCA5A20DDEF7BE2BE1D1AE44EE6D6985;8808.
 ) 
Here is how much of TeX's memory you used:
 28014 strings out of 469515
 513963 string characters out of 5470807
 1117465 words of memory out of 5000000
 56033 multiletter control sequences out of 15000+600000
 637151 words of font info for 78 fonts, out of 8000000 for 9000
 14 hyphenation exceptions out of 8191
 99i,12n,108p,1600b,531s stack positions out of 10000i,1000n,20000p,200000b,200000s
</usr/share/texmf-dist/fonts/type1/public/amsfonts/cm/cmbx10.pfb></usr/share/
texmf-dist/fonts/type1/public/amsfonts/cm/cmbx12.pfb></usr/share/texmf-dist/fon
ts/type1/public/amsfonts/cm/cmbx9.pfb></usr/share/texmf-dist/fonts/type1/public
/amsfonts/cmextra/cmex9.pfb></usr/share/texmf-dist/fonts/type1/public/amsfonts/
cm/cmmi10.pfb></usr/share/texmf-dist/fonts/type1/public/amsfonts/cm/cmmi7.pfb><
/usr/share/texmf-dist/fonts/type1/public/amsfonts/cm/cmmi8.pfb></usr/share/texm
f-dist/fonts/type1/public/amsfonts/cm/cmmi9.pfb></usr/share/texmf-dist/fonts/ty
pe1/public/amsfonts/cm/cmr10.pfb></usr/share/texmf-dist/fonts/type1/public/amsf
onts/cm/cmr6.pfb></usr/share/texmf-dist/fonts/type1/public/amsfonts/cm/cmr7.pfb
></usr/share/texmf-dist/fonts/type1/public/amsfonts/cm/cmr8.pfb></usr/share/tex
mf-dist/fonts/type1/public/amsfonts/cm/cmr9.pfb></usr/share/texmf-dist/fonts/ty
pe1/public/amsfonts/cm/cmsy10.pfb></usr/share/texmf-dist/fonts/type1/public/ams
fonts/cm/cmsy6.pfb></usr/share/texmf-dist/fonts/type1/public/amsfonts/cm/cmsy7.
pfb></usr/share/texmf-dist/fonts/type1/public/amsfonts/cm/cmsy8.pfb></usr/share
/texmf-dist/fonts/type1/public/amsfonts/cm/cmsy9.pfb></usr/share/texmf-dist/fon
ts/type1/public/amsfonts/cm/cmti10.pfb></usr/share/texmf-dist/fonts/type1/publi
c/amsfonts/cm/cmti9.pfb></usr/share/texmf-dist/fonts/type1/public/amsfonts/cm/c
mtt10.pfb></usr/share/texmf-dist/fonts/type1/public/amsfonts/cm/cmtt8.pfb></usr
/share/texmf-dist/fonts/type1/public/amsfonts/cm/cmtt9.pfb></usr/share/texmf-di
st/fonts/type1/public/amsfonts/symbols/msam10.pfb></usr/share/texmf-dist/fonts/
type1/public/cm-super/sfrm1000.pfb>
Output written on report_dm2.pdf (23 pages, 450967 bytes).
PDF statistics:
 750 PDF objects out of 1000 (max. 8388607)
 627 compressed objects within 7 object streams
 206 named destinations out of 1000 (max. 500000)
 349 words of extra memory for PDF output out of 10000 (max. 10000000)

