\BOOKMARK [0][-]{section*.1}{\376\377\000D\000a\000t\000a\000\040\000M\000i\000n\000i\000n\000g\000\040\0002\000\040\000\040\000C\000h\000i\000l\000d\000\040\000M\000i\000n\000d\000\040\000I\000n\000s\000t\000i\000t\000u\000t\000e\000\040\040\024\000\040\000P\000r\000e\000d\000i\000c\000t\000i\000n\000g\000\040\000P\000r\000o\000b\000l\000e\000m\000a\000t\000i\000c\000\040\000I\000n\000t\000e\000r\000n\000e\000t\000\040\000U\000s\000e\000\040\000i\000n\000\040\000C\000h\000i\000l\000d\000r\000e\000n\000\040\000a\000n\000d\000\040\000A\000d\000o\000l\000e\000s\000c\000e\000n\000t\000s\000:\000\040\000A\000d\000v\000a\000n\000c\000e\000d\000\040\000P\000r\000e\000p\000r\000o\000c\000e\000s\000s\000i\000n\000g\000,\000\040\000M\000a\000c\000h\000i\000n\000e\000\040\000L\000e\000a\000r\000n\000i\000n\000g\000,\000\040\000a\000n\000d\000\040\000E\000x\000p\000l\000a\000i\000n\000a\000b\000i\000l\000i\000t\000y}{}% 1
\BOOKMARK [1][-]{section*.2}{\376\377\000C\000o\000n\000t\000e\000n\000t\000s}{section*.1}% 2
\BOOKMARK [1][-]{section*.3}{\376\377\000I\000n\000t\000r\000o\000d\000u\000c\000t\000i\000o\000n}{section*.1}% 3
\BOOKMARK [1][-]{section*.8}{\376\377\000D\000a\000t\000a\000\040\000D\000e\000s\000c\000r\000i\000p\000t\000i\000o\000n}{section*.1}% 4
\BOOKMARK [1][-]{section*.13}{\376\377\000D\000a\000t\000a\000\040\000U\000n\000d\000e\000r\000s\000t\000a\000n\000d\000i\000n\000g\000\040\000\046\000\040\000P\000r\000e\000p\000a\000r\000a\000t\000i\000o\000n}{section*.1}% 5
\BOOKMARK [2][-]{section*.15}{\376\377\000D\000a\000t\000a\000\040\000Q\000u\000a\000l\000i\000t\000y\000\040\000A\000s\000s\000e\000s\000s\000m\000e\000n\000t}{section*.13}% 6
\BOOKMARK [2][-]{section*.23}{\376\377\000M\000i\000s\000s\000i\000n\000g\000-\000V\000a\000l\000u\000e\000\040\000I\000m\000p\000u\000t\000a\000t\000i\000o\000n}{section*.13}% 7
\BOOKMARK [2][-]{section*.27}{\376\377\000C\000o\000r\000r\000e\000l\000a\000t\000i\000o\000n\000\040\000\046\000\040\000R\000e\000d\000u\000n\000d\000a\000n\000c\000y\000\040\000A\000n\000a\000l\000y\000s\000i\000s}{section*.13}% 8
\BOOKMARK [2][-]{section*.33}{\376\377\000F\000e\000a\000t\000u\000r\000e\000\040\000E\000n\000g\000i\000n\000e\000e\000r\000i\000n\000g\000\040\000\046\000\040\000T\000r\000a\000n\000s\000f\000o\000r\000m\000a\000t\000i\000o\000n}{section*.13}% 9
\BOOKMARK [2][-]{section*.35}{\376\377\000C\000l\000a\000s\000s\000\040\000D\000i\000s\000t\000r\000i\000b\000u\000t\000i\000o\000n}{section*.13}% 10
\BOOKMARK [1][-]{section*.37}{\376\377\000A\000d\000v\000a\000n\000c\000e\000d\000\040\000D\000a\000t\000a\000\040\000P\000r\000e\000p\000r\000o\000c\000e\000s\000s\000i\000n\000g}{section*.1}% 11
\BOOKMARK [2][-]{section*.39}{\376\377\000A\000n\000o\000m\000a\000l\000y\000\040\000D\000e\000t\000e\000c\000t\000i\000o\000n}{section*.37}% 12
\BOOKMARK [3][-]{section*.41}{\376\377\000M\000e\000t\000h\000o\000d\000s}{section*.39}% 13
\BOOKMARK [3][-]{section*.51}{\376\377\000L\000o\000w\000-\000d\000i\000m\000e\000n\000s\000i\000o\000n\000a\000l\000\040\000v\000i\000s\000u\000a\000l\000i\000z\000a\000t\000i\000o\000n}{section*.39}% 14
\BOOKMARK [3][-]{section*.53}{\376\377\000C\000o\000n\000s\000e\000n\000s\000u\000s\000\040\000a\000n\000d\000\040\000t\000r\000e\000a\000t\000m\000e\000n\000t}{section*.39}% 15
\BOOKMARK [2][-]{section*.58}{\376\377\000I\000m\000b\000a\000l\000a\000n\000c\000e\000d\000\040\000L\000e\000a\000r\000n\000i\000n\000g}{section*.37}% 16
\BOOKMARK [1][-]{section*.68}{\376\377\000A\000d\000v\000a\000n\000c\000e\000d\000\040\000C\000l\000a\000s\000s\000i\000f\000i\000c\000a\000t\000i\000o\000n\000,\000\040\000R\000e\000g\000r\000e\000s\000s\000i\000o\000n\000,\000\040\000a\000n\000d\000\040\000E\000x\000p\000l\000a\000i\000n\000a\000b\000i\000l\000i\000t\000y}{section*.1}% 17
\BOOKMARK [2][-]{section*.69}{\376\377\000C\000l\000a\000s\000s\000i\000f\000i\000c\000a\000t\000i\000o\000n}{section*.68}% 18
\BOOKMARK [3][-]{section*.71}{\376\377\000L\000o\000g\000i\000s\000t\000i\000c\000\040\000R\000e\000g\000r\000e\000s\000s\000i\000o\000n}{section*.69}% 19
\BOOKMARK [3][-]{section*.75}{\376\377\000S\000u\000p\000p\000o\000r\000t\000\040\000V\000e\000c\000t\000o\000r\000\040\000M\000a\000c\000h\000i\000n\000e}{section*.69}% 20
\BOOKMARK [3][-]{section*.79}{\376\377\000N\000e\000u\000r\000a\000l\000\040\000N\000e\000t\000w\000o\000r\000k\000\040\000\050\000M\000L\000P\000\051}{section*.69}% 21
\BOOKMARK [3][-]{section*.84}{\376\377\000A\000d\000a\000B\000o\000o\000s\000t}{section*.69}% 22
\BOOKMARK [3][-]{section*.88}{\376\377\000G\000r\000a\000d\000i\000e\000n\000t\000\040\000B\000o\000o\000s\000t\000i\000n\000g\000\040\000\050\000X\000G\000B\000o\000o\000s\000t\000\051}{section*.69}% 23
\BOOKMARK [3][-]{section*.92}{\376\377\000C\000l\000a\000s\000s\000i\000f\000i\000c\000a\000t\000i\000o\000n\000\040\000c\000o\000m\000p\000a\000r\000i\000s\000o\000n\000\040\000a\000n\000d\000\040\000d\000i\000s\000c\000u\000s\000s\000i\000o\000n}{section*.69}% 24
\BOOKMARK [2][-]{section*.101}{\376\377\000R\000e\000g\000r\000e\000s\000s\000i\000o\000n}{section*.68}% 25
\BOOKMARK [2][-]{section*.109}{\376\377\000E\000x\000p\000l\000a\000i\000n\000a\000b\000i\000l\000i\000t\000y\000\040\000\050\000X\000A\000I\000\051}{section*.68}% 26
\BOOKMARK [2][-]{section*.116}{\376\377\000C\000o\000m\000b\000i\000n\000i\000n\000g\000\040\000T\000e\000c\000h\000n\000i\000q\000u\000e\000s\000:\000\040\000X\000G\000B\000o\000o\000s\000t\000\040\000w\000i\000t\000h\000\040\000A\000D\000A\000S\000Y\000N}{section*.68}% 27
\BOOKMARK [1][-]{section*.122}{\376\377\000T\000i\000m\000e\000\040\000S\000e\000r\000i\000e\000s\000\040\000D\000a\000t\000a\000\040\000a\000n\000d\000\040\000P\000r\000e\000p\000r\000o\000c\000e\000s\000s\000i\000n\000g}{section*.1}% 28
\BOOKMARK [2][-]{section*.123}{\376\377\000D\000a\000t\000a\000s\000e\000t\000\040\000D\000e\000s\000c\000r\000i\000p\000t\000i\000o\000n}{section*.122}% 29
\BOOKMARK [2][-]{section*.125}{\376\377\000M\000i\000s\000s\000i\000n\000g\000\040\000V\000a\000l\000u\000e\000s\000\040\000a\000n\000d\000\040\000C\000o\000l\000u\000m\000n\000\040\000S\000e\000l\000e\000c\000t\000i\000o\000n}{section*.122}% 30
\BOOKMARK [2][-]{section*.126}{\376\377\000N\000o\000n\000-\000w\000e\000a\000r\000\040\000F\000i\000l\000t\000e\000r\000i\000n\000g}{section*.122}% 31
\BOOKMARK [2][-]{section*.127}{\376\377\000P\000h\000y\000s\000i\000c\000a\000l\000l\000y\000-\000I\000m\000p\000o\000s\000s\000i\000b\000l\000e\000\040\000S\000p\000i\000k\000e\000\040\000R\000e\000m\000o\000v\000a\000l}{section*.122}% 32
\BOOKMARK [2][-]{section*.131}{\376\377\000C\000l\000e\000a\000n\000e\000d\000\040\000D\000a\000t\000a\000s\000e\000t}{section*.122}% 33
\BOOKMARK [1][-]{section*.133}{\376\377\000T\000i\000m\000e\000\040\000S\000e\000r\000i\000e\000s\000\040\000C\000l\000a\000s\000s\000i\000f\000i\000c\000a\000t\000i\000o\000n}{section*.1}% 34
\BOOKMARK [2][-]{section*.134}{\376\377\000T\000h\000e\000\040\000G\000r\000o\000u\000p\000i\000n\000g\000\040\000P\000r\000o\000b\000l\000e\000m\000\040\000a\000n\000d\000\040\000t\000h\000e\000\040\000P\000r\000o\000t\000o\000c\000o\000l}{section*.133}% 35
\BOOKMARK [2][-]{section*.138}{\376\377\000k\000-\000N\000e\000a\000r\000e\000s\000t\000\040\000N\000e\000i\000g\000h\000b\000o\000u\000r\000s\000:\000\040\000E\000u\000c\000l\000i\000d\000e\000a\000n\000,\000\040\000M\000a\000n\000h\000a\000t\000t\000a\000n\000,\000\040\000D\000T\000W}{section*.133}% 36
\BOOKMARK [2][-]{section*.142}{\376\377\000S\000h\000a\000p\000e\000l\000e\000t\000s\000:\000\040\000R\000e\000t\000r\000i\000e\000v\000a\000l\000,\000\040\000A\000n\000a\000l\000y\000s\000i\000s\000,\000\040\000a\000n\000d\000\040\000a\000\040\000S\000u\000b\000j\000e\000c\000t\000-\000F\000i\000n\000g\000e\000r\000p\000r\000i\000n\000t\000\040\000W\000a\000r\000n\000i\000n\000g}{section*.133}% 37
\BOOKMARK [2][-]{section*.146}{\376\377\000M\000i\000n\000i\000R\000o\000c\000k\000e\000t\000\040\000\050\000K\000e\000r\000n\000e\000l\000/\000C\000o\000n\000v\000o\000l\000u\000t\000i\000o\000n\000\051\000\040\000a\000n\000d\000\040\000a\000\040\000C\000h\000a\000n\000n\000e\000l\000\040\000A\000b\000l\000a\000t\000i\000o\000n}{section*.133}% 38
\BOOKMARK [2][-]{section*.149}{\376\377\000M\000U\000S\000E\000\040\000\050\000D\000i\000c\000t\000i\000o\000n\000a\000r\000y\000-\000B\000a\000s\000e\000d\000\051}{section*.133}% 39
\BOOKMARK [2][-]{section*.152}{\376\377\000C\000o\000m\000p\000a\000r\000i\000s\000o\000n\000\040\000a\000n\000d\000\040\000D\000i\000s\000c\000u\000s\000s\000i\000o\000n}{section*.133}% 40
\BOOKMARK [1][-]{section*.162}{\376\377\000C\000o\000n\000c\000l\000u\000s\000i\000o\000n}{section*.1}% 41
\BOOKMARK [1][-]{section*.165}{\376\377\000R\000e\000f\000e\000r\000e\000n\000c\000e\000s}{section*.1}% 42
